[0.009s] Invoking command in '/home/durva/ros2_ws/src/Columbus-Maximus/build/ld08_driver': CMAKE_PREFIX_PATH=${CMAKE_PREFIX_PATH}:/home/durva/ros2_ws/src/Columbus-Maximus/install/columbusmaximus:/home/durva/ros2_ws/src/Columbus-Maximus/install/columbus_teleop:/home/durva/ros2_ws/src/Columbus-Maximus/install/columbus_serial_bridge:/home/durva/ros2_ws/install/uwb_tracker:/home/durva/ros2_ws/install/columbus_teleop:/home/durva/ros2_ws/install/columbus_serial_bridge:/home/durva/ros2_ws/install/columbus_bringup:/opt/ros/humble /usr/bin/cmake /home/durva/ros2_ws/src/Columbus-Maximus/src/lidar_driver/ld08_driver -DAMENT_CMAKE_SYMLINK_INSTALL=1 -DCMAKE_INSTALL_PREFIX=/home/durva/ros2_ws/src/Columbus-Maximus/install/ld08_driver
[0.017s] -- Found ament_cmake: 1.3.14 (/opt/ros/humble/share/ament_cmake/cmake)
[0.105s] -- Override CMake install command with custom implementation using symlinks instead of copying resources
[0.112s] -- Found rclcpp: 16.0.19 (/opt/ros/humble/share/rclcpp/cmake)
[0.129s] -- Found rosidl_generator_c: 3.1.9 (/opt/ros/humble/share/rosidl_generator_c/cmake)
[0.131s] -- Found rosidl_adapter: 3.1.9 (/opt/ros/humble/share/rosidl_adapter/cmake)
[0.135s] -- Found rosidl_generator_cpp: 3.1.9 (/opt/ros/humble/share/rosidl_generator_cpp/cmake)
[0.141s] -- Using all available rosidl_typesupport_c: rosidl_typesupport_fastrtps_c;rosidl_typesupport_introspection_c
[0.149s] -- Using all available rosidl_typesupport_cpp: rosidl_typesupport_fastrtps_cpp;rosidl_typesupport_introspection_cpp
[0.170s] -- Found rmw_implementation_cmake: 6.1.2 (/opt/ros/humble/share/rmw_implementation_cmake/cmake)
[0.171s] -- Found rmw_fastrtps_cpp: 6.2.10 (/opt/ros/humble/share/rmw_fastrtps_cpp/cmake)
[0.238s] -- Using RMW implementation 'rmw_fastrtps_cpp' as default
[0.272s] -- Found sensor_msgs: 4.9.1 (/opt/ros/humble/share/sensor_msgs/cmake)
[0.345s] -- Configuring done
[0.351s] -- Generating done
[0.353s] -- Build files have been written to: /home/durva/ros2_ws/src/Columbus-Maximus/build/ld08_driver
[0.359s] Invoked command in '/home/durva/ros2_ws/src/Columbus-Maximus/build/ld08_driver' returned '0': CMAKE_PREFIX_PATH=${CMAKE_PREFIX_PATH}:/home/durva/ros2_ws/src/Columbus-Maximus/install/columbusmaximus:/home/durva/ros2_ws/src/Columbus-Maximus/install/columbus_teleop:/home/durva/ros2_ws/src/Columbus-Maximus/install/columbus_serial_bridge:/home/durva/ros2_ws/install/uwb_tracker:/home/durva/ros2_ws/install/columbus_teleop:/home/durva/ros2_ws/install/columbus_serial_bridge:/home/durva/ros2_ws/install/columbus_bringup:/opt/ros/humble /usr/bin/cmake /home/durva/ros2_ws/src/Columbus-Maximus/src/lidar_driver/ld08_driver -DAMENT_CMAKE_SYMLINK_INSTALL=1 -DCMAKE_INSTALL_PREFIX=/home/durva/ros2_ws/src/Columbus-Maximus/install/ld08_driver
[0.360s] Invoking command in '/home/durva/ros2_ws/src/Columbus-Maximus/build/ld08_driver': CMAKE_PREFIX_PATH=${CMAKE_PREFIX_PATH}:/home/durva/ros2_ws/src/Columbus-Maximus/install/columbusmaximus:/home/durva/ros2_ws/src/Columbus-Maximus/install/columbus_teleop:/home/durva/ros2_ws/src/Columbus-Maximus/install/columbus_serial_bridge:/home/durva/ros2_ws/install/uwb_tracker:/home/durva/ros2_ws/install/columbus_teleop:/home/durva/ros2_ws/install/columbus_serial_bridge:/home/durva/ros2_ws/install/columbus_bringup:/opt/ros/humble /usr/bin/cmake --build /home/durva/ros2_ws/src/Columbus-Maximus/build/ld08_driver -- -j8 -l8
[0.386s] [35m[1mConsolidate compiler generated dependencies of target ld08_driver[0m
[0.402s] [ 16%] [32mBuilding CXX object CMakeFiles/ld08_driver.dir/src/main.cpp.o[0m
[3.417s] [ 33%] [32m[1mLinking CXX executable ld08_driver[0m
[3.570s] [100%] Built target ld08_driver
[3.580s] Invoked command in '/home/durva/ros2_ws/src/Columbus-Maximus/build/ld08_driver' returned '0': CMAKE_PREFIX_PATH=${CMAKE_PREFIX_PATH}:/home/durva/ros2_ws/src/Columbus-Maximus/install/columbusmaximus:/home/durva/ros2_ws/src/Columbus-Maximus/install/columbus_teleop:/home/durva/ros2_ws/src/Columbus-Maximus/install/columbus_serial_bridge:/home/durva/ros2_ws/install/uwb_tracker:/home/durva/ros2_ws/install/columbus_teleop:/home/durva/ros2_ws/install/columbus_serial_bridge:/home/durva/ros2_ws/install/columbus_bringup:/opt/ros/humble /usr/bin/cmake --build /home/durva/ros2_ws/src/Columbus-Maximus/build/ld08_driver -- -j8 -l8
[3.587s] Invoking command in '/home/durva/ros2_ws/src/Columbus-Maximus/build/ld08_driver': CMAKE_PREFIX_PATH=${CMAKE_PREFIX_PATH}:/home/durva/ros2_ws/src/Columbus-Maximus/install/columbusmaximus:/home/durva/ros2_ws/src/Columbus-Maximus/install/columbus_teleop:/home/durva/ros2_ws/src/Columbus-Maximus/install/columbus_serial_bridge:/home/durva/ros2_ws/install/uwb_tracker:/home/durva/ros2_ws/install/columbus_teleop:/home/durva/ros2_ws/install/columbus_serial_bridge:/home/durva/ros2_ws/install/columbus_bringup:/opt/ros/humble /usr/bin/cmake --install /home/durva/ros2_ws/src/Columbus-Maximus/build/ld08_driver
[3.591s] -- Install configuration: ""
[3.592s] -- Execute custom install script
[3.592s] -- Up-to-date symlink: /home/durva/ros2_ws/src/Columbus-Maximus/install/ld08_driver/share/ld08_driver/launch/ld08.launch.py
[3.592s] -- Up-to-date symlink: /home/durva/ros2_ws/src/Columbus-Maximus/install/ld08_driver/lib/ld08_driver/ld08_driver
[3.592s] -- Up-to-date symlink: /home/durva/ros2_ws/src/Columbus-Maximus/install/ld08_driver/share/ament_index/resource_index/package_run_dependencies/ld08_driver
[3.592s] -- Up-to-date symlink: /home/durva/ros2_ws/src/Columbus-Maximus/install/ld08_driver/share/ament_index/resource_index/parent_prefix_path/ld08_driver
[3.593s] -- Up-to-date symlink: /home/durva/ros2_ws/src/Columbus-Maximus/install/ld08_driver/share/ld08_driver/environment/ament_prefix_path.sh
[3.593s] -- Up-to-date symlink: /home/durva/ros2_ws/src/Columbus-Maximus/install/ld08_driver/share/ld08_driver/environment/ament_prefix_path.dsv
[3.593s] -- Up-to-date symlink: /home/durva/ros2_ws/src/Columbus-Maximus/install/ld08_driver/share/ld08_driver/environment/path.sh
[3.593s] -- Up-to-date symlink: /home/durva/ros2_ws/src/Columbus-Maximus/install/ld08_driver/share/ld08_driver/environment/path.dsv
[3.593s] -- Up-to-date symlink: /home/durva/ros2_ws/src/Columbus-Maximus/install/ld08_driver/share/ld08_driver/local_setup.bash
[3.593s] -- Up-to-date symlink: /home/durva/ros2_ws/src/Columbus-Maximus/install/ld08_driver/share/ld08_driver/local_setup.sh
[3.593s] -- Up-to-date symlink: /home/durva/ros2_ws/src/Columbus-Maximus/install/ld08_driver/share/ld08_driver/local_setup.zsh
[3.593s] -- Up-to-date symlink: /home/durva/ros2_ws/src/Columbus-Maximus/install/ld08_driver/share/ld08_driver/local_setup.dsv
[3.594s] -- Symlinking: /home/durva/ros2_ws/src/Columbus-Maximus/install/ld08_driver/share/ld08_driver/package.dsv
[3.599s] -- Up-to-date symlink: /home/durva/ros2_ws/src/Columbus-Maximus/install/ld08_driver/share/ament_index/resource_index/packages/ld08_driver
[3.599s] -- Up-to-date symlink: /home/durva/ros2_ws/src/Columbus-Maximus/install/ld08_driver/share/ld08_driver/cmake/ament_cmake_export_dependencies-extras.cmake
[3.599s] -- Up-to-date symlink: /home/durva/ros2_ws/src/Columbus-Maximus/install/ld08_driver/share/ld08_driver/cmake/ament_cmake_export_include_directories-extras.cmake
[3.600s] -- Up-to-date symlink: /home/durva/ros2_ws/src/Columbus-Maximus/install/ld08_driver/share/ld08_driver/cmake/ld08_driverConfig.cmake
[3.600s] -- Up-to-date symlink: /home/durva/ros2_ws/src/Columbus-Maximus/install/ld08_driver/share/ld08_driver/cmake/ld08_driverConfig-version.cmake
[3.600s] -- Up-to-date symlink: /home/durva/ros2_ws/src/Columbus-Maximus/install/ld08_driver/share/ld08_driver/package.xml
[3.601s] Invoked command in '/home/durva/ros2_ws/src/Columbus-Maximus/build/ld08_driver' returned '0': CMAKE_PREFIX_PATH=${CMAKE_PREFIX_PATH}:/home/durva/ros2_ws/src/Columbus-Maximus/install/columbusmaximus:/home/durva/ros2_ws/src/Columbus-Maximus/install/columbus_teleop:/home/durva/ros2_ws/src/Columbus-Maximus/install/columbus_serial_bridge:/home/durva/ros2_ws/install/uwb_tracker:/home/durva/ros2_ws/install/columbus_teleop:/home/durva/ros2_ws/install/columbus_serial_bridge:/home/durva/ros2_ws/install/columbus_bringup:/opt/ros/humble /usr/bin/cmake --install /home/durva/ros2_ws/src/Columbus-Maximus/build/ld08_driver
