[0.019s] Invoking command in '/home/durva/ros2_ws/src/Columbus-Maximus/build/columbus_firmware': /usr/bin/cmake /home/durva/ros2_ws/src/Columbus-Maximus/columbus_firmware -DCMAKE_INSTALL_PREFIX=/home/durva/ros2_ws/src/Columbus-Maximus/install/columbus_firmware
[0.546s] -- IDF_TARGET is not set, guessed 'esp32' from sdkconfig '/home/durva/ros2_ws/src/Columbus-Maximus/columbus_firmware/sdkconfig'
[0.546s] -- Found Git: /usr/bin/git (found version "2.34.1") 
[0.895s] -- The C compiler identification is GNU 13.2.0
[0.972s] -- The CXX compiler identification is GNU 13.2.0
[0.988s] -- The ASM compiler identification is GNU
[0.989s] -- Found assembler: /home/durva/.espressif/tools/xtensa-esp-elf/esp-13.2.0_20240530/xtensa-esp-elf/bin/xtensa-esp32-elf-gcc
[0.993s] -- Detecting C compiler ABI info
[1.056s] -- Detecting C compiler ABI info - done
[1.065s] -- Check for working C compiler: /home/durva/.espressif/tools/xtensa-esp-elf/esp-13.2.0_20240530/xtensa-esp-elf/bin/xtensa-esp32-elf-gcc - skipped
[1.065s] -- Detecting C compile features
[1.065s] -- Detecting C compile features - done
[1.069s] -- Detecting CXX compiler ABI info
[1.150s] -- Detecting CXX compiler ABI info - done
[1.160s] -- Check for working CXX compiler: /home/durva/.espressif/tools/xtensa-esp-elf/esp-13.2.0_20240530/xtensa-esp-elf/bin/xtensa-esp32-elf-g++ - skipped
[1.161s] -- Detecting CXX compile features
[1.161s] -- Detecting CXX compile features - done
[1.178s] -- Building ESP-IDF components for target esp32
[1.180s] -- Checking Python dependencies...
[1.472s] Python requirements are satisfied.
[1.482s] Constraint file: /home/durva/.espressif/espidf.constraints.v5.3.txt
[1.482s] Requirement files:
[1.482s]  - /home/durva/esp/esp-idf/tools/requirements/requirements.core.txt
[1.482s] Python being checked: /home/durva/.espressif/python_env/idf5.3_py3.10_env/bin/python
[2.647s] -- Project sdkconfig file /home/durva/ros2_ws/src/Columbus-Maximus/columbus_firmware/sdkconfig
[2.851s] -- Compiler supported targets: xtensa-esp-elf
[3.103s] -- Found Python3: /home/durva/.espressif/python_env/idf5.3_py3.10_env/bin/python3.10 (found version "3.10.12") found components: Interpreter 
[3.134s] -- Looking for pthread.h
[3.180s] -- Looking for pthread.h - found
[3.180s] -- Performing Test CMAKE_HAVE_LIBC_PTHREAD
[3.223s] -- Performing Test CMAKE_HAVE_LIBC_PTHREAD - Success
[3.224s] -- Found Threads: TRUE  
[3.226s] -- Performing Test C_COMPILER_SUPPORTS_WFORMAT_SIGNEDNESS
[3.264s] -- Performing Test C_COMPILER_SUPPORTS_WFORMAT_SIGNEDNESS - Success
[3.371s] -- App "columbus_firmware" version: 3d42775-dirty
[3.448s] -- Adding linker script /home/durva/ros2_ws/src/Columbus-Maximus/build/columbus_firmware/esp-idf/esp_system/ld/memory.ld
[3.449s] -- Adding linker script /home/durva/ros2_ws/src/Columbus-Maximus/build/columbus_firmware/esp-idf/esp_system/ld/sections.ld.in
[3.454s] -- Adding linker script /home/durva/esp/esp-idf/components/esp_rom/esp32/ld/esp32.rom.ld
[3.454s] -- Adding linker script /home/durva/esp/esp-idf/components/esp_rom/esp32/ld/esp32.rom.api.ld
[3.454s] -- Adding linker script /home/durva/esp/esp-idf/components/esp_rom/esp32/ld/esp32.rom.libgcc.ld
[3.454s] -- Adding linker script /home/durva/esp/esp-idf/components/esp_rom/esp32/ld/esp32.rom.newlib-data.ld
[3.454s] -- Adding linker script /home/durva/esp/esp-idf/components/esp_rom/esp32/ld/esp32.rom.syscalls.ld
[3.454s] -- Adding linker script /home/durva/esp/esp-idf/components/esp_rom/esp32/ld/esp32.rom.newlib-funcs.ld
[3.462s] -- Adding linker script /home/durva/esp/esp-idf/components/soc/esp32/ld/esp32.peripherals.ld
[3.680s] -- Components: app_trace app_update bootloader bootloader_support bt cmock console cxx driver efuse esp-tls esp_adc esp_app_format esp_bootloader_format esp_coex esp_common esp_driver_ana_cmpr esp_driver_cam esp_driver_dac esp_driver_gpio esp_driver_gptimer esp_driver_i2c esp_driver_i2s esp_driver_isp esp_driver_jpeg esp_driver_ledc esp_driver_mcpwm esp_driver_parlio esp_driver_pcnt esp_driver_ppa esp_driver_rmt esp_driver_sdio esp_driver_sdm esp_driver_sdmmc esp_driver_sdspi esp_driver_spi esp_driver_touch_sens esp_driver_tsens esp_driver_uart esp_driver_usb_serial_jtag esp_eth esp_event esp_gdbstub esp_hid esp_http_client esp_http_server esp_https_ota esp_https_server esp_hw_support esp_lcd esp_local_ctrl esp_mm esp_netif esp_netif_stack esp_partition esp_phy esp_pm esp_psram esp_ringbuf esp_rom esp_system esp_timer esp_vfs_console esp_wifi espcoredump esptool_py fatfs freertos hal heap http_parser idf_test ieee802154 json log lwip main mbedtls mqtt newlib nvs_flash nvs_sec_provider openthread partition_table perfmon protobuf-c protocomm pthread sdmmc soc spi_flash spiffs tcp_transport ulp unity usb vfs wear_levelling wifi_provisioning wpa_supplicant xtensa
[3.681s] -- Component paths: /home/durva/esp/esp-idf/components/app_trace /home/durva/esp/esp-idf/components/app_update /home/durva/esp/esp-idf/components/bootloader /home/durva/esp/esp-idf/components/bootloader_support /home/durva/esp/esp-idf/components/bt /home/durva/esp/esp-idf/components/cmock /home/durva/esp/esp-idf/components/console /home/durva/esp/esp-idf/components/cxx /home/durva/esp/esp-idf/components/driver /home/durva/esp/esp-idf/components/efuse /home/durva/esp/esp-idf/components/esp-tls /home/durva/esp/esp-idf/components/esp_adc /home/durva/esp/esp-idf/components/esp_app_format /home/durva/esp/esp-idf/components/esp_bootloader_format /home/durva/esp/esp-idf/components/esp_coex /home/durva/esp/esp-idf/components/esp_common /home/durva/esp/esp-idf/components/esp_driver_ana_cmpr /home/durva/esp/esp-idf/components/esp_driver_cam /home/durva/esp/esp-idf/components/esp_driver_dac /home/durva/esp/esp-idf/components/esp_driver_gpio /home/durva/esp/esp-idf/components/esp_driver_gptimer /home/durva/esp/esp-idf/components/esp_driver_i2c /home/durva/esp/esp-idf/components/esp_driver_i2s /home/durva/esp/esp-idf/components/esp_driver_isp /home/durva/esp/esp-idf/components/esp_driver_jpeg /home/durva/esp/esp-idf/components/esp_driver_ledc /home/durva/esp/esp-idf/components/esp_driver_mcpwm /home/durva/esp/esp-idf/components/esp_driver_parlio /home/durva/esp/esp-idf/components/esp_driver_pcnt /home/durva/esp/esp-idf/components/esp_driver_ppa /home/durva/esp/esp-idf/components/esp_driver_rmt /home/durva/esp/esp-idf/components/esp_driver_sdio /home/durva/esp/esp-idf/components/esp_driver_sdm /home/durva/esp/esp-idf/components/esp_driver_sdmmc /home/durva/esp/esp-idf/components/esp_driver_sdspi /home/durva/esp/esp-idf/components/esp_driver_spi /home/durva/esp/esp-idf/components/esp_driver_touch_sens /home/durva/esp/esp-idf/components/esp_driver_tsens /home/durva/esp/esp-idf/components/esp_driver_uart /home/durva/esp/esp-idf/components/esp_driver_usb_serial_jtag /home/durva/esp/esp-idf/components/esp_eth /home/durva/esp/esp-idf/components/esp_event /home/durva/esp/esp-idf/components/esp_gdbstub /home/durva/esp/esp-idf/components/esp_hid /home/durva/esp/esp-idf/components/esp_http_client /home/durva/esp/esp-idf/components/esp_http_server /home/durva/esp/esp-idf/components/esp_https_ota /home/durva/esp/esp-idf/components/esp_https_server /home/durva/esp/esp-idf/components/esp_hw_support /home/durva/esp/esp-idf/components/esp_lcd /home/durva/esp/esp-idf/components/esp_local_ctrl /home/durva/esp/esp-idf/components/esp_mm /home/durva/esp/esp-idf/components/esp_netif /home/durva/esp/esp-idf/components/esp_netif_stack /home/durva/esp/esp-idf/components/esp_partition /home/durva/esp/esp-idf/components/esp_phy /home/durva/esp/esp-idf/components/esp_pm /home/durva/esp/esp-idf/components/esp_psram /home/durva/esp/esp-idf/components/esp_ringbuf /home/durva/esp/esp-idf/components/esp_rom /home/durva/esp/esp-idf/components/esp_system /home/durva/esp/esp-idf/components/esp_timer /home/durva/esp/esp-idf/components/esp_vfs_console /home/durva/esp/esp-idf/components/esp_wifi /home/durva/esp/esp-idf/components/espcoredump /home/durva/esp/esp-idf/components/esptool_py /home/durva/esp/esp-idf/components/fatfs /home/durva/esp/esp-idf/components/freertos /home/durva/esp/esp-idf/components/hal /home/durva/esp/esp-idf/components/heap /home/durva/esp/esp-idf/components/http_parser /home/durva/esp/esp-idf/components/idf_test /home/durva/esp/esp-idf/components/ieee802154 /home/durva/esp/esp-idf/components/json /home/durva/esp/esp-idf/components/log /home/durva/esp/esp-idf/components/lwip /home/durva/ros2_ws/src/Columbus-Maximus/columbus_firmware/main /home/durva/esp/esp-idf/components/mbedtls /home/durva/esp/esp-idf/components/mqtt /home/durva/esp/esp-idf/components/newlib /home/durva/esp/esp-idf/components/nvs_flash /home/durva/esp/esp-idf/components/nvs_sec_provider /home/durva/esp/esp-idf/components/openthread /home/durva/esp/esp-idf/components/partition_table /home/durva/esp/esp-idf/components/perfmon /home/durva/esp/esp-idf/components/protobuf-c /home/durva/esp/esp-idf/components/protocomm /home/durva/esp/esp-idf/components/pthread /home/durva/esp/esp-idf/components/sdmmc /home/durva/esp/esp-idf/components/soc /home/durva/esp/esp-idf/components/spi_flash /home/durva/esp/esp-idf/components/spiffs /home/durva/esp/esp-idf/components/tcp_transport /home/durva/esp/esp-idf/components/ulp /home/durva/esp/esp-idf/components/unity /home/durva/esp/esp-idf/components/usb /home/durva/esp/esp-idf/components/vfs /home/durva/esp/esp-idf/components/wear_levelling /home/durva/esp/esp-idf/components/wifi_provisioning /home/durva/esp/esp-idf/components/wpa_supplicant /home/durva/esp/esp-idf/components/xtensa
[3.683s] -- Configuring done
[4.082s] -- Generating done
[4.177s] -- Build files have been written to: /home/durva/ros2_ws/src/Columbus-Maximus/build/columbus_firmware
