running develop
running egg_info
creating columbusmaximus.egg-info
writing columbusmaximus.egg-info/PKG-INFO
writing dependency_links to columbusmaximus.egg-info/dependency_links.txt
writing entry points to columbusmaximus.egg-info/entry_points.txt
writing requirements to columbusmaximus.egg-info/requires.txt
writing top-level names to columbusmaximus.egg-info/top_level.txt
writing manifest file 'columbusmaximus.egg-info/SOURCES.txt'
reading manifest file 'columbusmaximus.egg-info/SOURCES.txt'
writing manifest file 'columbusmaximus.egg-info/SOURCES.txt'
running build_ext
Creating /home/durva/ros2_ws/src/Columbus-Maximus/install/columbusmaximus/lib/python3.10/site-packages/columbusmaximus.egg-link (link to .)

Installed /home/durva/ros2_ws/src/Columbus-Maximus/build/columbusmaximus
running symlink_data
creating /home/durva/ros2_ws/src/Columbus-Maximus/install/columbusmaximus/share/ament_index
creating /home/durva/ros2_ws/src/Columbus-Maximus/install/columbusmaximus/share/ament_index/resource_index
creating /home/durva/ros2_ws/src/Columbus-Maximus/install/columbusmaximus/share/ament_index/resource_index/packages
symbolically linking /home/durva/ros2_ws/src/Columbus-Maximus/build/columbusmaximus/resource/columbusmaximus -> /home/durva/ros2_ws/src/Columbus-Maximus/install/columbusmaximus/share/ament_index/resource_index/packages
symbolically linking /home/durva/ros2_ws/src/Columbus-Maximus/build/columbusmaximus/package.xml -> /home/durva/ros2_ws/src/Columbus-Maximus/install/columbusmaximus/share/columbusmaximus
symbolically linking /home/durva/ros2_ws/src/Columbus-Maximus/build/columbusmaximus/model.config -> /home/durva/ros2_ws/src/Columbus-Maximus/install/columbusmaximus/share/columbusmaximus
symbolically linking /home/durva/ros2_ws/src/Columbus-Maximus/build/columbusmaximus/model.sdf -> /home/durva/ros2_ws/src/Columbus-Maximus/install/columbusmaximus/share/columbusmaximus
creating /home/durva/ros2_ws/src/Columbus-Maximus/install/columbusmaximus/share/columbusmaximus/description
symbolically linking /home/durva/ros2_ws/src/Columbus-Maximus/build/columbusmaximus/description/robot.urdf.xacro -> /home/durva/ros2_ws/src/Columbus-Maximus/install/columbusmaximus/share/columbusmaximus/description
symbolically linking /home/durva/ros2_ws/src/Columbus-Maximus/build/columbusmaximus/description/lidar.xacro -> /home/durva/ros2_ws/src/Columbus-Maximus/install/columbusmaximus/share/columbusmaximus/description
symbolically linking /home/durva/ros2_ws/src/Columbus-Maximus/build/columbusmaximus/description/robot_core.xacro -> /home/durva/ros2_ws/src/Columbus-Maximus/install/columbusmaximus/share/columbusmaximus/description
symbolically linking /home/durva/ros2_ws/src/Columbus-Maximus/build/columbusmaximus/description/gazebo_control.xacro -> /home/durva/ros2_ws/src/Columbus-Maximus/install/columbusmaximus/share/columbusmaximus/description
creating /home/durva/ros2_ws/src/Columbus-Maximus/install/columbusmaximus/share/columbusmaximus/meshes
symbolically linking /home/durva/ros2_ws/src/Columbus-Maximus/build/columbusmaximus/meshes/Assembly_1.stl -> /home/durva/ros2_ws/src/Columbus-Maximus/install/columbusmaximus/share/columbusmaximus/meshes
creating /home/durva/ros2_ws/src/Columbus-Maximus/install/columbusmaximus/share/columbusmaximus/launch
symbolically linking /home/durva/ros2_ws/src/Columbus-Maximus/build/columbusmaximus/launch/slam.launch.py -> /home/durva/ros2_ws/src/Columbus-Maximus/install/columbusmaximus/share/columbusmaximus/launch
symbolically linking /home/durva/ros2_ws/src/Columbus-Maximus/build/columbusmaximus/launch/rsp.launch.py -> /home/durva/ros2_ws/src/Columbus-Maximus/install/columbusmaximus/share/columbusmaximus/launch
symbolically linking /home/durva/ros2_ws/src/Columbus-Maximus/build/columbusmaximus/launch/launch_sim.launch.py -> /home/durva/ros2_ws/src/Columbus-Maximus/install/columbusmaximus/share/columbusmaximus/launch
symbolically linking /home/durva/ros2_ws/src/Columbus-Maximus/build/columbusmaximus/launch/bringup.launch.py -> /home/durva/ros2_ws/src/Columbus-Maximus/install/columbusmaximus/share/columbusmaximus/launch
creating /home/durva/ros2_ws/src/Columbus-Maximus/install/columbusmaximus/share/columbusmaximus/rviz
symbolically linking /home/durva/ros2_ws/src/Columbus-Maximus/build/columbusmaximus/rviz/slam.rviz -> /home/durva/ros2_ws/src/Columbus-Maximus/install/columbusmaximus/share/columbusmaximus/rviz
symbolically linking /home/durva/ros2_ws/src/Columbus-Maximus/build/columbusmaximus/rviz/urdf_config.rviz -> /home/durva/ros2_ws/src/Columbus-Maximus/install/columbusmaximus/share/columbusmaximus/rviz
symbolically linking /home/durva/ros2_ws/src/Columbus-Maximus/build/columbusmaximus/rviz/lidar_scan.rviz -> /home/durva/ros2_ws/src/Columbus-Maximus/install/columbusmaximus/share/columbusmaximus/rviz
symbolically linking /home/durva/ros2_ws/src/Columbus-Maximus/build/columbusmaximus/rviz/urdf_config_wsl.rviz -> /home/durva/ros2_ws/src/Columbus-Maximus/install/columbusmaximus/share/columbusmaximus/rviz
creating /home/durva/ros2_ws/src/Columbus-Maximus/install/columbusmaximus/share/columbusmaximus/config
symbolically linking /home/durva/ros2_ws/src/Columbus-Maximus/build/columbusmaximus/config/mapper_params_online_async.yaml -> /home/durva/ros2_ws/src/Columbus-Maximus/install/columbusmaximus/share/columbusmaximus/config
creating /home/durva/ros2_ws/src/Columbus-Maximus/install/columbusmaximus/share/columbusmaximus/maps
