[0.410s] Invoking command in '/home/durva/ros2_ws/src/Columbus-Maximus/columbus_serial_bridge': PYTHONPATH=/home/durva/ros2_ws/src/Columbus-Maximus/columbus_serial_bridge/build/columbus_serial_bridge/prefix_override:/usr/lib/python3/dist-packages/colcon_core/task/python/colcon_distutils_commands:/home/durva/ros2_ws/src/Columbus-Maximus/columbus_serial_bridge/install/columbus_serial_bridge/lib/python3.10/site-packages:${PYTHONPATH} /usr/bin/python3 -W ignore:setup.py install is deprecated -W ignore:easy_install command is deprecated setup.py egg_info --egg-base build/columbus_serial_bridge build --build-base /home/durva/ros2_ws/src/Columbus-Maximus/columbus_serial_bridge/build/columbus_serial_bridge/build install --record /home/durva/ros2_ws/src/Columbus-Maximus/columbus_serial_bridge/build/columbus_serial_bridge/install.log --install-scripts $base/lib/columbus_serial_bridge --single-version-externally-managed install_data
[0.552s] running egg_info
[0.552s] creating build/columbus_serial_bridge/columbus_serial_bridge.egg-info
[0.552s] writing build/columbus_serial_bridge/columbus_serial_bridge.egg-info/PKG-INFO
[0.552s] writing dependency_links to build/columbus_serial_bridge/columbus_serial_bridge.egg-info/dependency_links.txt
[0.553s] writing entry points to build/columbus_serial_bridge/columbus_serial_bridge.egg-info/entry_points.txt
[0.553s] writing requirements to build/columbus_serial_bridge/columbus_serial_bridge.egg-info/requires.txt
[0.553s] writing top-level names to build/columbus_serial_bridge/columbus_serial_bridge.egg-info/top_level.txt
[0.553s] writing manifest file 'build/columbus_serial_bridge/columbus_serial_bridge.egg-info/SOURCES.txt'
[0.554s] reading manifest file 'build/columbus_serial_bridge/columbus_serial_bridge.egg-info/SOURCES.txt'
[0.554s] writing manifest file 'build/columbus_serial_bridge/columbus_serial_bridge.egg-info/SOURCES.txt'
[0.554s] running build
[0.554s] running build_py
[0.554s] creating /home/durva/ros2_ws/src/Columbus-Maximus/columbus_serial_bridge/build/columbus_serial_bridge/build
[0.554s] creating /home/durva/ros2_ws/src/Columbus-Maximus/columbus_serial_bridge/build/columbus_serial_bridge/build/lib
[0.554s] creating /home/durva/ros2_ws/src/Columbus-Maximus/columbus_serial_bridge/build/columbus_serial_bridge/build/lib/columbus_serial_bridge
[0.562s] copying columbus_serial_bridge/__init__.py -> /home/durva/ros2_ws/src/Columbus-Maximus/columbus_serial_bridge/build/columbus_serial_bridge/build/lib/columbus_serial_bridge
[0.562s] copying columbus_serial_bridge/odometry_node.py -> /home/durva/ros2_ws/src/Columbus-Maximus/columbus_serial_bridge/build/columbus_serial_bridge/build/lib/columbus_serial_bridge
[0.562s] copying columbus_serial_bridge/hardware_interface_node.py -> /home/durva/ros2_ws/src/Columbus-Maximus/columbus_serial_bridge/build/columbus_serial_bridge/build/lib/columbus_serial_bridge
[0.562s] running install
[0.563s] running install_lib
[0.563s] creating /home/durva/ros2_ws/src/Columbus-Maximus/columbus_serial_bridge/install/columbus_serial_bridge/lib/python3.10/site-packages/columbus_serial_bridge
[0.563s] copying /home/durva/ros2_ws/src/Columbus-Maximus/columbus_serial_bridge/build/columbus_serial_bridge/build/lib/columbus_serial_bridge/__init__.py -> /home/durva/ros2_ws/src/Columbus-Maximus/columbus_serial_bridge/install/columbus_serial_bridge/lib/python3.10/site-packages/columbus_serial_bridge
[0.563s] copying /home/durva/ros2_ws/src/Columbus-Maximus/columbus_serial_bridge/build/columbus_serial_bridge/build/lib/columbus_serial_bridge/odometry_node.py -> /home/durva/ros2_ws/src/Columbus-Maximus/columbus_serial_bridge/install/columbus_serial_bridge/lib/python3.10/site-packages/columbus_serial_bridge
[0.563s] copying /home/durva/ros2_ws/src/Columbus-Maximus/columbus_serial_bridge/build/columbus_serial_bridge/build/lib/columbus_serial_bridge/hardware_interface_node.py -> /home/durva/ros2_ws/src/Columbus-Maximus/columbus_serial_bridge/install/columbus_serial_bridge/lib/python3.10/site-packages/columbus_serial_bridge
[0.564s] byte-compiling /home/durva/ros2_ws/src/Columbus-Maximus/columbus_serial_bridge/install/columbus_serial_bridge/lib/python3.10/site-packages/columbus_serial_bridge/__init__.py to __init__.cpython-310.pyc
[0.564s] byte-compiling /home/durva/ros2_ws/src/Columbus-Maximus/columbus_serial_bridge/install/columbus_serial_bridge/lib/python3.10/site-packages/columbus_serial_bridge/odometry_node.py to odometry_node.cpython-310.pyc
[0.564s] byte-compiling /home/durva/ros2_ws/src/Columbus-Maximus/columbus_serial_bridge/install/columbus_serial_bridge/lib/python3.10/site-packages/columbus_serial_bridge/hardware_interface_node.py to hardware_interface_node.cpython-310.pyc
[0.565s] running install_data
[0.565s] creating /home/durva/ros2_ws/src/Columbus-Maximus/columbus_serial_bridge/install/columbus_serial_bridge/share/ament_index
[0.565s] creating /home/durva/ros2_ws/src/Columbus-Maximus/columbus_serial_bridge/install/columbus_serial_bridge/share/ament_index/resource_index
[0.565s] creating /home/durva/ros2_ws/src/Columbus-Maximus/columbus_serial_bridge/install/columbus_serial_bridge/share/ament_index/resource_index/packages
[0.565s] copying resource/columbus_serial_bridge -> /home/durva/ros2_ws/src/Columbus-Maximus/columbus_serial_bridge/install/columbus_serial_bridge/share/ament_index/resource_index/packages
[0.565s] copying package.xml -> /home/durva/ros2_ws/src/Columbus-Maximus/columbus_serial_bridge/install/columbus_serial_bridge/share/columbus_serial_bridge
[0.565s] running install_egg_info
[0.567s] Copying build/columbus_serial_bridge/columbus_serial_bridge.egg-info to /home/durva/ros2_ws/src/Columbus-Maximus/columbus_serial_bridge/install/columbus_serial_bridge/lib/python3.10/site-packages/columbus_serial_bridge-0.0.0-py3.10.egg-info
[0.567s] running install_scripts
[0.580s] Installing hardware_interface_node script to /home/durva/ros2_ws/src/Columbus-Maximus/columbus_serial_bridge/install/columbus_serial_bridge/lib/columbus_serial_bridge
[0.580s] Installing odometry_node script to /home/durva/ros2_ws/src/Columbus-Maximus/columbus_serial_bridge/install/columbus_serial_bridge/lib/columbus_serial_bridge
[0.580s] writing list of installed files to '/home/durva/ros2_ws/src/Columbus-Maximus/columbus_serial_bridge/build/columbus_serial_bridge/install.log'
[0.604s] Invoked command in '/home/durva/ros2_ws/src/Columbus-Maximus/columbus_serial_bridge' returned '0': PYTHONPATH=/home/durva/ros2_ws/src/Columbus-Maximus/columbus_serial_bridge/build/columbus_serial_bridge/prefix_override:/usr/lib/python3/dist-packages/colcon_core/task/python/colcon_distutils_commands:/home/durva/ros2_ws/src/Columbus-Maximus/columbus_serial_bridge/install/columbus_serial_bridge/lib/python3.10/site-packages:${PYTHONPATH} /usr/bin/python3 -W ignore:setup.py install is deprecated -W ignore:easy_install command is deprecated setup.py egg_info --egg-base build/columbus_serial_bridge build --build-base /home/durva/ros2_ws/src/Columbus-Maximus/columbus_serial_bridge/build/columbus_serial_bridge/build install --record /home/durva/ros2_ws/src/Columbus-Maximus/columbus_serial_bridge/build/columbus_serial_bridge/install.log --install-scripts $base/lib/columbus_serial_bridge --single-version-externally-managed install_data
