[0.063s] DEBUG:colcon:Command line arguments: ['/usr/bin/colcon', 'build', '--symlink-install']
[0.063s] DEBUG:colcon:Parsed command line arguments: Namespace(log_base=None, log_level=None, verb_name='build', build_base='build', install_base='install', merge_install=False, symlink_install=True, test_result_base=None, continue_on_error=False, executor='parallel', parallel_workers=8, event_handlers=None, ignore_user_meta=False, metas=['./colcon.meta'], base_paths=['.'], packages_ignore=None, packages_ignore_regex=None, paths=None, packages_up_to=None, packages_up_to_regex=None, packages_above=None, packages_above_and_dependencies=None, packages_above_depth=None, packages_select_by_dep=None, packages_skip_by_dep=None, packages_skip_up_to=None, packages_select_build_failed=False, packages_skip_build_finished=False, packages_select_test_failures=False, packages_skip_test_passed=False, packages_select=None, packages_skip=None, packages_select_regex=None, packages_skip_regex=None, packages_start=None, packages_end=None, allow_overriding=[], cmake_args=None, cmake_target=None, cmake_target_skip_unavailable=False, cmake_clean_cache=False, cmake_clean_first=False, cmake_force_configure=False, ament_cmake_args=None, catkin_cmake_args=None, catkin_skip_building_tests=False, verb_parser=<colcon_defaults.argument_parser.defaults.DefaultArgumentsDecorator object at 0x76e2fb750a00>, verb_extension=<colcon_core.verb.build.BuildVerb object at 0x76e2fb750490>, main=<bound method BuildVerb.main of <colcon_core.verb.build.BuildVerb object at 0x76e2fb750490>>)
[0.157s] Level 1:colcon.colcon_core.package_discovery:discover_packages(colcon_meta) check parameters
[0.157s] Level 1:colcon.colcon_core.package_discovery:discover_packages(recursive) check parameters
[0.157s] Level 1:colcon.colcon_core.package_discovery:discover_packages(ignore) check parameters
[0.157s] Level 1:colcon.colcon_core.package_discovery:discover_packages(path) check parameters
[0.157s] Level 1:colcon.colcon_core.package_discovery:discover_packages(colcon_meta) discover
[0.157s] Level 1:colcon.colcon_core.package_discovery:discover_packages(recursive) discover
[0.157s] INFO:colcon.colcon_core.package_discovery:Crawling recursively for packages in '/home/durva/ros2_ws/src/Columbus-Maximus'
[0.157s] Level 1:colcon.colcon_core.package_identification:_identify(.) by extensions ['ignore', 'ignore_ament_install']
[0.157s] Level 1:colcon.colcon_core.package_identification:_identify(.) by extension 'ignore'
[0.157s] Level 1:colcon.colcon_core.package_identification:_identify(.) by extension 'ignore_ament_install'
[0.157s] Level 1:colcon.colcon_core.package_identification:_identify(.) by extensions ['colcon_pkg']
[0.157s] Level 1:colcon.colcon_core.package_identification:_identify(.) by extension 'colcon_pkg'
[0.157s] Level 1:colcon.colcon_core.package_identification:_identify(.) by extensions ['colcon_meta']
[0.157s] Level 1:colcon.colcon_core.package_identification:_identify(.) by extension 'colcon_meta'
[0.158s] Level 1:colcon.colcon_core.package_identification:_identify(.) by extensions ['ros']
[0.158s] Level 1:colcon.colcon_core.package_identification:_identify(.) by extension 'ros'
[0.165s] Level 1:colcon.colcon_core.package_identification:_identify(.) by extensions ['cmake', 'python']
[0.165s] Level 1:colcon.colcon_core.package_identification:_identify(.) by extension 'cmake'
[0.165s] Level 1:colcon.colcon_core.package_identification:_identify(.) by extension 'python'
[0.165s] Level 1:colcon.colcon_core.package_identification:_identify(.) by extensions ['python_setup_py']
[0.165s] Level 1:colcon.colcon_core.package_identification:_identify(.) by extension 'python_setup_py'
[0.165s] Level 1:colcon.colcon_core.package_identification:_identify(build) by extensions ['ignore', 'ignore_ament_install']
[0.165s] Level 1:colcon.colcon_core.package_identification:_identify(build) by extension 'ignore'
[0.165s] Level 1:colcon.colcon_core.package_identification:_identify(build) ignored
[0.165s] Level 1:colcon.colcon_core.package_identification:_identify(columbus_firmware) by extensions ['ignore', 'ignore_ament_install']
[0.165s] Level 1:colcon.colcon_core.package_identification:_identify(columbus_firmware) by extension 'ignore'
[0.165s] Level 1:colcon.colcon_core.package_identification:_identify(columbus_firmware) by extension 'ignore_ament_install'
[0.165s] Level 1:colcon.colcon_core.package_identification:_identify(columbus_firmware) by extensions ['colcon_pkg']
[0.165s] Level 1:colcon.colcon_core.package_identification:_identify(columbus_firmware) by extension 'colcon_pkg'
[0.165s] Level 1:colcon.colcon_core.package_identification:_identify(columbus_firmware) by extensions ['colcon_meta']
[0.165s] Level 1:colcon.colcon_core.package_identification:_identify(columbus_firmware) by extension 'colcon_meta'
[0.165s] Level 1:colcon.colcon_core.package_identification:_identify(columbus_firmware) by extensions ['ros']
[0.165s] Level 1:colcon.colcon_core.package_identification:_identify(columbus_firmware) by extension 'ros'
[0.165s] Level 1:colcon.colcon_core.package_identification:_identify(columbus_firmware) by extensions ['cmake', 'python']
[0.165s] Level 1:colcon.colcon_core.package_identification:_identify(columbus_firmware) by extension 'cmake'
[0.220s] Level 1:colcon.colcon_core.package_identification:_identify(columbus_firmware) by extension 'python'
[0.220s] DEBUG:colcon.colcon_core.package_identification:Package 'columbus_firmware' with type 'cmake' and name 'columbus_firmware'
[0.220s] Level 1:colcon.colcon_core.package_identification:_identify(install) by extensions ['ignore', 'ignore_ament_install']
[0.220s] Level 1:colcon.colcon_core.package_identification:_identify(install) by extension 'ignore'
[0.220s] Level 1:colcon.colcon_core.package_identification:_identify(install) ignored
[0.220s] Level 1:colcon.colcon_core.package_identification:_identify(log) by extensions ['ignore', 'ignore_ament_install']
[0.220s] Level 1:colcon.colcon_core.package_identification:_identify(log) by extension 'ignore'
[0.220s] Level 1:colcon.colcon_core.package_identification:_identify(log) ignored
[0.220s] Level 1:colcon.colcon_core.package_identification:_identify(src) by extensions ['ignore', 'ignore_ament_install']
[0.220s] Level 1:colcon.colcon_core.package_identification:_identify(src) by extension 'ignore'
[0.220s] Level 1:colcon.colcon_core.package_identification:_identify(src) by extension 'ignore_ament_install'
[0.220s] Level 1:colcon.colcon_core.package_identification:_identify(src) by extensions ['colcon_pkg']
[0.221s] Level 1:colcon.colcon_core.package_identification:_identify(src) by extension 'colcon_pkg'
[0.221s] Level 1:colcon.colcon_core.package_identification:_identify(src) by extensions ['colcon_meta']
[0.221s] Level 1:colcon.colcon_core.package_identification:_identify(src) by extension 'colcon_meta'
[0.221s] Level 1:colcon.colcon_core.package_identification:_identify(src) by extensions ['ros']
[0.221s] Level 1:colcon.colcon_core.package_identification:_identify(src) by extension 'ros'
[0.221s] Level 1:colcon.colcon_core.package_identification:_identify(src) by extensions ['cmake', 'python']
[0.221s] Level 1:colcon.colcon_core.package_identification:_identify(src) by extension 'cmake'
[0.221s] Level 1:colcon.colcon_core.package_identification:_identify(src) by extension 'python'
[0.221s] Level 1:colcon.colcon_core.package_identification:_identify(src) by extensions ['python_setup_py']
[0.221s] Level 1:colcon.colcon_core.package_identification:_identify(src) by extension 'python_setup_py'
[0.221s] Level 1:colcon.colcon_core.package_identification:_identify(src/columbus_serial_bridge) by extensions ['ignore', 'ignore_ament_install']
[0.221s] Level 1:colcon.colcon_core.package_identification:_identify(src/columbus_serial_bridge) by extension 'ignore'
[0.221s] Level 1:colcon.colcon_core.package_identification:_identify(src/columbus_serial_bridge) by extension 'ignore_ament_install'
[0.221s] Level 1:colcon.colcon_core.package_identification:_identify(src/columbus_serial_bridge) by extensions ['colcon_pkg']
[0.221s] Level 1:colcon.colcon_core.package_identification:_identify(src/columbus_serial_bridge) by extension 'colcon_pkg'
[0.221s] Level 1:colcon.colcon_core.package_identification:_identify(src/columbus_serial_bridge) by extensions ['colcon_meta']
[0.221s] Level 1:colcon.colcon_core.package_identification:_identify(src/columbus_serial_bridge) by extension 'colcon_meta'
[0.221s] Level 1:colcon.colcon_core.package_identification:_identify(src/columbus_serial_bridge) by extensions ['ros']
[0.221s] Level 1:colcon.colcon_core.package_identification:_identify(src/columbus_serial_bridge) by extension 'ros'
[0.224s] DEBUG:colcon.colcon_core.package_identification:Package 'src/columbus_serial_bridge' with type 'ros.ament_python' and name 'columbus_serial_bridge'
[0.224s] Level 1:colcon.colcon_core.package_identification:_identify(src/columbus_teleop) by extensions ['ignore', 'ignore_ament_install']
[0.224s] Level 1:colcon.colcon_core.package_identification:_identify(src/columbus_teleop) by extension 'ignore'
[0.224s] Level 1:colcon.colcon_core.package_identification:_identify(src/columbus_teleop) by extension 'ignore_ament_install'
[0.224s] Level 1:colcon.colcon_core.package_identification:_identify(src/columbus_teleop) by extensions ['colcon_pkg']
[0.224s] Level 1:colcon.colcon_core.package_identification:_identify(src/columbus_teleop) by extension 'colcon_pkg'
[0.224s] Level 1:colcon.colcon_core.package_identification:_identify(src/columbus_teleop) by extensions ['colcon_meta']
[0.224s] Level 1:colcon.colcon_core.package_identification:_identify(src/columbus_teleop) by extension 'colcon_meta'
[0.224s] Level 1:colcon.colcon_core.package_identification:_identify(src/columbus_teleop) by extensions ['ros']
[0.224s] Level 1:colcon.colcon_core.package_identification:_identify(src/columbus_teleop) by extension 'ros'
[0.224s] DEBUG:colcon.colcon_core.package_identification:Package 'src/columbus_teleop' with type 'ros.ament_python' and name 'columbus_teleop'
[0.224s] Level 1:colcon.colcon_core.package_identification:_identify(src/columbusmaximus) by extensions ['ignore', 'ignore_ament_install']
[0.225s] Level 1:colcon.colcon_core.package_identification:_identify(src/columbusmaximus) by extension 'ignore'
[0.225s] Level 1:colcon.colcon_core.package_identification:_identify(src/columbusmaximus) by extension 'ignore_ament_install'
[0.225s] Level 1:colcon.colcon_core.package_identification:_identify(src/columbusmaximus) by extensions ['colcon_pkg']
[0.225s] Level 1:colcon.colcon_core.package_identification:_identify(src/columbusmaximus) by extension 'colcon_pkg'
[0.225s] Level 1:colcon.colcon_core.package_identification:_identify(src/columbusmaximus) by extensions ['colcon_meta']
[0.225s] Level 1:colcon.colcon_core.package_identification:_identify(src/columbusmaximus) by extension 'colcon_meta'
[0.225s] Level 1:colcon.colcon_core.package_identification:_identify(src/columbusmaximus) by extensions ['ros']
[0.225s] Level 1:colcon.colcon_core.package_identification:_identify(src/columbusmaximus) by extension 'ros'
[0.225s] DEBUG:colcon.colcon_core.package_identification:Package 'src/columbusmaximus' with type 'ros.ament_python' and name 'columbusmaximus'
[0.225s] Level 1:colcon.colcon_core.package_identification:_identify(src/lidar_driver) by extensions ['ignore', 'ignore_ament_install']
[0.225s] Level 1:colcon.colcon_core.package_identification:_identify(src/lidar_driver) by extension 'ignore'
[0.225s] Level 1:colcon.colcon_core.package_identification:_identify(src/lidar_driver) by extension 'ignore_ament_install'
[0.225s] Level 1:colcon.colcon_core.package_identification:_identify(src/lidar_driver) by extensions ['colcon_pkg']
[0.225s] Level 1:colcon.colcon_core.package_identification:_identify(src/lidar_driver) by extension 'colcon_pkg'
[0.225s] Level 1:colcon.colcon_core.package_identification:_identify(src/lidar_driver) by extensions ['colcon_meta']
[0.225s] Level 1:colcon.colcon_core.package_identification:_identify(src/lidar_driver) by extension 'colcon_meta'
[0.225s] Level 1:colcon.colcon_core.package_identification:_identify(src/lidar_driver) by extensions ['ros']
[0.225s] Level 1:colcon.colcon_core.package_identification:_identify(src/lidar_driver) by extension 'ros'
[0.225s] Level 1:colcon.colcon_core.package_identification:_identify(src/lidar_driver) by extensions ['cmake', 'python']
[0.225s] Level 1:colcon.colcon_core.package_identification:_identify(src/lidar_driver) by extension 'cmake'
[0.225s] Level 1:colcon.colcon_core.package_identification:_identify(src/lidar_driver) by extension 'python'
[0.225s] Level 1:colcon.colcon_core.package_identification:_identify(src/lidar_driver) by extensions ['python_setup_py']
[0.225s] Level 1:colcon.colcon_core.package_identification:_identify(src/lidar_driver) by extension 'python_setup_py'
[0.226s] Level 1:colcon.colcon_core.package_identification:_identify(src/lidar_driver/ld08_driver) by extensions ['ignore', 'ignore_ament_install']
[0.226s] Level 1:colcon.colcon_core.package_identification:_identify(src/lidar_driver/ld08_driver) by extension 'ignore'
[0.226s] Level 1:colcon.colcon_core.package_identification:_identify(src/lidar_driver/ld08_driver) by extension 'ignore_ament_install'
[0.226s] Level 1:colcon.colcon_core.package_identification:_identify(src/lidar_driver/ld08_driver) by extensions ['colcon_pkg']
[0.226s] Level 1:colcon.colcon_core.package_identification:_identify(src/lidar_driver/ld08_driver) by extension 'colcon_pkg'
[0.226s] Level 1:colcon.colcon_core.package_identification:_identify(src/lidar_driver/ld08_driver) by extensions ['colcon_meta']
[0.226s] Level 1:colcon.colcon_core.package_identification:_identify(src/lidar_driver/ld08_driver) by extension 'colcon_meta'
[0.226s] Level 1:colcon.colcon_core.package_identification:_identify(src/lidar_driver/ld08_driver) by extensions ['ros']
[0.226s] Level 1:colcon.colcon_core.package_identification:_identify(src/lidar_driver/ld08_driver) by extension 'ros'
[0.226s] DEBUG:colcon.colcon_core.package_identification:Package 'src/lidar_driver/ld08_driver' with type 'ros.ament_cmake' and name 'ld08_driver'
[0.226s] Level 1:colcon.colcon_core.package_discovery:discover_packages(recursive) using defaults
[0.226s] Level 1:colcon.colcon_core.package_discovery:discover_packages(ignore) discover
[0.226s] Level 1:colcon.colcon_core.package_discovery:discover_packages(ignore) using defaults
[0.226s] Level 1:colcon.colcon_core.package_discovery:discover_packages(path) discover
[0.226s] Level 1:colcon.colcon_core.package_discovery:discover_packages(path) using defaults
[0.239s] Level 1:colcon.colcon_core.package_discovery:discover_packages(prefix_path) check parameters
[0.239s] Level 1:colcon.colcon_core.package_discovery:discover_packages(prefix_path) discover
[0.240s] DEBUG:colcon.colcon_installed_package_information.package_discovery:Found 0 installed packages in /home/durva/ros2_ws/src/Columbus-Maximus/src/columbusmaximus/launch/install
[0.241s] DEBUG:colcon.colcon_installed_package_information.package_discovery:Found 4 installed packages in /home/durva/ros2_ws/install
[0.241s] DEBUG:colcon.colcon_installed_package_information.package_discovery:Found 273 installed packages in /opt/ros/humble
[0.251s] Level 1:colcon.colcon_core.package_discovery:discover_packages(prefix_path) using defaults
[0.273s] Level 5:colcon.colcon_core.verb:set package 'columbus_firmware' build argument 'cmake_args' from command line to 'None'
[0.273s] Level 5:colcon.colcon_core.verb:set package 'columbus_firmware' build argument 'cmake_target' from command line to 'None'
[0.273s] Level 5:colcon.colcon_core.verb:set package 'columbus_firmware' build argument 'cmake_target_skip_unavailable' from command line to 'False'
[0.273s] Level 5:colcon.colcon_core.verb:set package 'columbus_firmware' build argument 'cmake_clean_cache' from command line to 'False'
[0.273s] Level 5:colcon.colcon_core.verb:set package 'columbus_firmware' build argument 'cmake_clean_first' from command line to 'False'
[0.273s] Level 5:colcon.colcon_core.verb:set package 'columbus_firmware' build argument 'cmake_force_configure' from command line to 'False'
[0.274s] Level 5:colcon.colcon_core.verb:set package 'columbus_firmware' build argument 'ament_cmake_args' from command line to 'None'
[0.274s] Level 5:colcon.colcon_core.verb:set package 'columbus_firmware' build argument 'catkin_cmake_args' from command line to 'None'
[0.274s] Level 5:colcon.colcon_core.verb:set package 'columbus_firmware' build argument 'catkin_skip_building_tests' from command line to 'False'
[0.274s] DEBUG:colcon.colcon_core.verb:Building package 'columbus_firmware' with the following arguments: {'ament_cmake_args': None, 'build_base': '/home/durva/ros2_ws/src/Columbus-Maximus/build/columbus_firmware', 'catkin_cmake_args': None, 'catkin_skip_building_tests': False, 'cmake_args': None, 'cmake_clean_cache': False, 'cmake_clean_first': False, 'cmake_force_configure': False, 'cmake_target': None, 'cmake_target_skip_unavailable': False, 'install_base': '/home/durva/ros2_ws/src/Columbus-Maximus/install/columbus_firmware', 'merge_install': False, 'path': '/home/durva/ros2_ws/src/Columbus-Maximus/columbus_firmware', 'symlink_install': True, 'test_result_base': None}
[0.274s] Level 5:colcon.colcon_core.verb:set package 'columbus_serial_bridge' build argument 'cmake_args' from command line to 'None'
[0.274s] Level 5:colcon.colcon_core.verb:set package 'columbus_serial_bridge' build argument 'cmake_target' from command line to 'None'
[0.274s] Level 5:colcon.colcon_core.verb:set package 'columbus_serial_bridge' build argument 'cmake_target_skip_unavailable' from command line to 'False'
[0.274s] Level 5:colcon.colcon_core.verb:set package 'columbus_serial_bridge' build argument 'cmake_clean_cache' from command line to 'False'
[0.274s] Level 5:colcon.colcon_core.verb:set package 'columbus_serial_bridge' build argument 'cmake_clean_first' from command line to 'False'
[0.274s] Level 5:colcon.colcon_core.verb:set package 'columbus_serial_bridge' build argument 'cmake_force_configure' from command line to 'False'
[0.274s] Level 5:colcon.colcon_core.verb:set package 'columbus_serial_bridge' build argument 'ament_cmake_args' from command line to 'None'
[0.274s] Level 5:colcon.colcon_core.verb:set package 'columbus_serial_bridge' build argument 'catkin_cmake_args' from command line to 'None'
[0.274s] Level 5:colcon.colcon_core.verb:set package 'columbus_serial_bridge' build argument 'catkin_skip_building_tests' from command line to 'False'
[0.274s] DEBUG:colcon.colcon_core.verb:Building package 'columbus_serial_bridge' with the following arguments: {'ament_cmake_args': None, 'build_base': '/home/durva/ros2_ws/src/Columbus-Maximus/build/columbus_serial_bridge', 'catkin_cmake_args': None, 'catkin_skip_building_tests': False, 'cmake_args': None, 'cmake_clean_cache': False, 'cmake_clean_first': False, 'cmake_force_configure': False, 'cmake_target': None, 'cmake_target_skip_unavailable': False, 'install_base': '/home/durva/ros2_ws/src/Columbus-Maximus/install/columbus_serial_bridge', 'merge_install': False, 'path': '/home/durva/ros2_ws/src/Columbus-Maximus/src/columbus_serial_bridge', 'symlink_install': True, 'test_result_base': None}
[0.274s] Level 5:colcon.colcon_core.verb:set package 'columbus_teleop' build argument 'cmake_args' from command line to 'None'
[0.274s] Level 5:colcon.colcon_core.verb:set package 'columbus_teleop' build argument 'cmake_target' from command line to 'None'
[0.274s] Level 5:colcon.colcon_core.verb:set package 'columbus_teleop' build argument 'cmake_target_skip_unavailable' from command line to 'False'
[0.274s] Level 5:colcon.colcon_core.verb:set package 'columbus_teleop' build argument 'cmake_clean_cache' from command line to 'False'
[0.274s] Level 5:colcon.colcon_core.verb:set package 'columbus_teleop' build argument 'cmake_clean_first' from command line to 'False'
[0.274s] Level 5:colcon.colcon_core.verb:set package 'columbus_teleop' build argument 'cmake_force_configure' from command line to 'False'
[0.274s] Level 5:colcon.colcon_core.verb:set package 'columbus_teleop' build argument 'ament_cmake_args' from command line to 'None'
[0.274s] Level 5:colcon.colcon_core.verb:set package 'columbus_teleop' build argument 'catkin_cmake_args' from command line to 'None'
[0.274s] Level 5:colcon.colcon_core.verb:set package 'columbus_teleop' build argument 'catkin_skip_building_tests' from command line to 'False'
[0.274s] DEBUG:colcon.colcon_core.verb:Building package 'columbus_teleop' with the following arguments: {'ament_cmake_args': None, 'build_base': '/home/durva/ros2_ws/src/Columbus-Maximus/build/columbus_teleop', 'catkin_cmake_args': None, 'catkin_skip_building_tests': False, 'cmake_args': None, 'cmake_clean_cache': False, 'cmake_clean_first': False, 'cmake_force_configure': False, 'cmake_target': None, 'cmake_target_skip_unavailable': False, 'install_base': '/home/durva/ros2_ws/src/Columbus-Maximus/install/columbus_teleop', 'merge_install': False, 'path': '/home/durva/ros2_ws/src/Columbus-Maximus/src/columbus_teleop', 'symlink_install': True, 'test_result_base': None}
[0.274s] Level 5:colcon.colcon_core.verb:set package 'columbusmaximus' build argument 'cmake_args' from command line to 'None'
[0.274s] Level 5:colcon.colcon_core.verb:set package 'columbusmaximus' build argument 'cmake_target' from command line to 'None'
[0.274s] Level 5:colcon.colcon_core.verb:set package 'columbusmaximus' build argument 'cmake_target_skip_unavailable' from command line to 'False'
[0.274s] Level 5:colcon.colcon_core.verb:set package 'columbusmaximus' build argument 'cmake_clean_cache' from command line to 'False'
[0.274s] Level 5:colcon.colcon_core.verb:set package 'columbusmaximus' build argument 'cmake_clean_first' from command line to 'False'
[0.274s] Level 5:colcon.colcon_core.verb:set package 'columbusmaximus' build argument 'cmake_force_configure' from command line to 'False'
[0.275s] Level 5:colcon.colcon_core.verb:set package 'columbusmaximus' build argument 'ament_cmake_args' from command line to 'None'
[0.275s] Level 5:colcon.colcon_core.verb:set package 'columbusmaximus' build argument 'catkin_cmake_args' from command line to 'None'
[0.275s] Level 5:colcon.colcon_core.verb:set package 'columbusmaximus' build argument 'catkin_skip_building_tests' from command line to 'False'
[0.275s] DEBUG:colcon.colcon_core.verb:Building package 'columbusmaximus' with the following arguments: {'ament_cmake_args': None, 'build_base': '/home/durva/ros2_ws/src/Columbus-Maximus/build/columbusmaximus', 'catkin_cmake_args': None, 'catkin_skip_building_tests': False, 'cmake_args': None, 'cmake_clean_cache': False, 'cmake_clean_first': False, 'cmake_force_configure': False, 'cmake_target': None, 'cmake_target_skip_unavailable': False, 'install_base': '/home/durva/ros2_ws/src/Columbus-Maximus/install/columbusmaximus', 'merge_install': False, 'path': '/home/durva/ros2_ws/src/Columbus-Maximus/src/columbusmaximus', 'symlink_install': True, 'test_result_base': None}
[0.275s] Level 5:colcon.colcon_core.verb:set package 'ld08_driver' build argument 'cmake_args' from command line to 'None'
[0.275s] Level 5:colcon.colcon_core.verb:set package 'ld08_driver' build argument 'cmake_target' from command line to 'None'
[0.275s] Level 5:colcon.colcon_core.verb:set package 'ld08_driver' build argument 'cmake_target_skip_unavailable' from command line to 'False'
[0.275s] Level 5:colcon.colcon_core.verb:set package 'ld08_driver' build argument 'cmake_clean_cache' from command line to 'False'
[0.275s] Level 5:colcon.colcon_core.verb:set package 'ld08_driver' build argument 'cmake_clean_first' from command line to 'False'
[0.275s] Level 5:colcon.colcon_core.verb:set package 'ld08_driver' build argument 'cmake_force_configure' from command line to 'False'
[0.275s] Level 5:colcon.colcon_core.verb:set package 'ld08_driver' build argument 'ament_cmake_args' from command line to 'None'
[0.275s] Level 5:colcon.colcon_core.verb:set package 'ld08_driver' build argument 'catkin_cmake_args' from command line to 'None'
[0.275s] Level 5:colcon.colcon_core.verb:set package 'ld08_driver' build argument 'catkin_skip_building_tests' from command line to 'False'
[0.275s] DEBUG:colcon.colcon_core.verb:Building package 'ld08_driver' with the following arguments: {'ament_cmake_args': None, 'build_base': '/home/durva/ros2_ws/src/Columbus-Maximus/build/ld08_driver', 'catkin_cmake_args': None, 'catkin_skip_building_tests': False, 'cmake_args': None, 'cmake_clean_cache': False, 'cmake_clean_first': False, 'cmake_force_configure': False, 'cmake_target': None, 'cmake_target_skip_unavailable': False, 'install_base': '/home/durva/ros2_ws/src/Columbus-Maximus/install/ld08_driver', 'merge_install': False, 'path': '/home/durva/ros2_ws/src/Columbus-Maximus/src/lidar_driver/ld08_driver', 'symlink_install': True, 'test_result_base': None}
[0.275s] INFO:colcon.colcon_core.executor:Executing jobs using 'parallel' executor
[0.276s] DEBUG:colcon.colcon_parallel_executor.executor.parallel:run_until_complete
[0.276s] INFO:colcon.colcon_cmake.task.cmake.build:Building CMake package in '/home/durva/ros2_ws/src/Columbus-Maximus/columbus_firmware'
[0.277s] INFO:colcon.colcon_core.plugin_system:Skipping extension 'colcon_core.shell.bat': Not used on non-Windows systems
[0.277s] INFO:colcon.colcon_core.shell:Skip shell extension 'powershell' for command environment: Not usable outside of PowerShell
[0.277s] DEBUG:colcon.colcon_core.shell:Skip shell extension 'dsv' for command environment
[0.280s] INFO:colcon.colcon_ros.task.ament_python.build:Building ROS package in '/home/durva/ros2_ws/src/Columbus-Maximus/src/columbus_serial_bridge' with build type 'ament_python'
[0.280s] Level 1:colcon.colcon_core.shell:create_environment_hook('columbus_serial_bridge', 'ament_prefix_path')
[0.280s] INFO:colcon.colcon_core.shell:Creating environment hook '/home/durva/ros2_ws/src/Columbus-Maximus/install/columbus_serial_bridge/share/columbus_serial_bridge/hook/ament_prefix_path.ps1'
[0.281s] INFO:colcon.colcon_core.shell:Creating environment descriptor '/home/durva/ros2_ws/src/Columbus-Maximus/install/columbus_serial_bridge/share/columbus_serial_bridge/hook/ament_prefix_path.dsv'
[0.281s] INFO:colcon.colcon_core.shell:Creating environment hook '/home/durva/ros2_ws/src/Columbus-Maximus/install/columbus_serial_bridge/share/columbus_serial_bridge/hook/ament_prefix_path.sh'
[0.282s] INFO:colcon.colcon_core.shell:Skip shell extension 'powershell' for command environment: Not usable outside of PowerShell
[0.282s] DEBUG:colcon.colcon_core.shell:Skip shell extension 'dsv' for command environment
[0.284s] INFO:colcon.colcon_ros.task.ament_python.build:Building ROS package in '/home/durva/ros2_ws/src/Columbus-Maximus/src/columbus_teleop' with build type 'ament_python'
[0.284s] Level 1:colcon.colcon_core.shell:create_environment_hook('columbus_teleop', 'ament_prefix_path')
[0.284s] INFO:colcon.colcon_core.shell:Creating environment hook '/home/durva/ros2_ws/src/Columbus-Maximus/install/columbus_teleop/share/columbus_teleop/hook/ament_prefix_path.ps1'
[0.284s] INFO:colcon.colcon_core.shell:Creating environment descriptor '/home/durva/ros2_ws/src/Columbus-Maximus/install/columbus_teleop/share/columbus_teleop/hook/ament_prefix_path.dsv'
[0.284s] INFO:colcon.colcon_core.shell:Creating environment hook '/home/durva/ros2_ws/src/Columbus-Maximus/install/columbus_teleop/share/columbus_teleop/hook/ament_prefix_path.sh'
[0.285s] INFO:colcon.colcon_core.shell:Skip shell extension 'powershell' for command environment: Not usable outside of PowerShell
[0.285s] DEBUG:colcon.colcon_core.shell:Skip shell extension 'dsv' for command environment
[0.287s] INFO:colcon.colcon_ros.task.ament_python.build:Building ROS package in '/home/durva/ros2_ws/src/Columbus-Maximus/src/columbusmaximus' with build type 'ament_python'
[0.287s] Level 1:colcon.colcon_core.shell:create_environment_hook('columbusmaximus', 'ament_prefix_path')
[0.287s] INFO:colcon.colcon_core.shell:Creating environment hook '/home/durva/ros2_ws/src/Columbus-Maximus/install/columbusmaximus/share/columbusmaximus/hook/ament_prefix_path.ps1'
[0.287s] INFO:colcon.colcon_core.shell:Creating environment descriptor '/home/durva/ros2_ws/src/Columbus-Maximus/install/columbusmaximus/share/columbusmaximus/hook/ament_prefix_path.dsv'
[0.288s] INFO:colcon.colcon_core.shell:Creating environment hook '/home/durva/ros2_ws/src/Columbus-Maximus/install/columbusmaximus/share/columbusmaximus/hook/ament_prefix_path.sh'
[0.288s] INFO:colcon.colcon_core.shell:Skip shell extension 'powershell' for command environment: Not usable outside of PowerShell
[0.288s] DEBUG:colcon.colcon_core.shell:Skip shell extension 'dsv' for command environment
[0.291s] INFO:colcon.colcon_ros.task.ament_cmake.build:Building ROS package in '/home/durva/ros2_ws/src/Columbus-Maximus/src/lidar_driver/ld08_driver' with build type 'ament_cmake'
[0.291s] INFO:colcon.colcon_cmake.task.cmake.build:Building CMake package in '/home/durva/ros2_ws/src/Columbus-Maximus/src/lidar_driver/ld08_driver'
[0.291s] INFO:colcon.colcon_core.shell:Skip shell extension 'powershell' for command environment: Not usable outside of PowerShell
[0.291s] DEBUG:colcon.colcon_core.shell:Skip shell extension 'dsv' for command environment
[0.295s] DEBUG:colcon.colcon_core.event_handler.log_command:Invoking command in '/home/durva/ros2_ws/src/Columbus-Maximus/build/columbus_firmware': /usr/bin/cmake /home/durva/ros2_ws/src/Columbus-Maximus/columbus_firmware -DCMAKE_INSTALL_PREFIX=/home/durva/ros2_ws/src/Columbus-Maximus/install/columbus_firmware
[0.472s] INFO:colcon.colcon_core.task.python.build:Building Python package in '/home/durva/ros2_ws/src/Columbus-Maximus/src/columbus_serial_bridge'
[0.472s] INFO:colcon.colcon_core.shell:Skip shell extension 'powershell' for command environment: Not usable outside of PowerShell
[0.472s] DEBUG:colcon.colcon_core.shell:Skip shell extension 'dsv' for command environment
[0.643s] INFO:colcon.colcon_core.task.python.build:Building Python package in '/home/durva/ros2_ws/src/Columbus-Maximus/src/columbus_teleop'
[0.643s] INFO:colcon.colcon_core.shell:Skip shell extension 'powershell' for command environment: Not usable outside of PowerShell
[0.643s] DEBUG:colcon.colcon_core.shell:Skip shell extension 'dsv' for command environment
[0.817s] INFO:colcon.colcon_core.task.python.build:Building Python package in '/home/durva/ros2_ws/src/Columbus-Maximus/src/columbusmaximus'
[0.818s] INFO:colcon.colcon_core.shell:Skip shell extension 'powershell' for command environment: Not usable outside of PowerShell
[0.818s] DEBUG:colcon.colcon_core.shell:Skip shell extension 'dsv' for command environment
[0.824s] DEBUG:colcon.colcon_core.event_handler.log_command:Invoking command in '/home/durva/ros2_ws/src/Columbus-Maximus/build/ld08_driver': CMAKE_PREFIX_PATH=/home/durva/ros2_ws/install/uwb_tracker:/home/durva/ros2_ws/install/columbus_teleop:/home/durva/ros2_ws/install/columbus_serial_bridge:/home/durva/ros2_ws/install/columbus_bringup:/opt/ros/humble /usr/bin/cmake /home/durva/ros2_ws/src/Columbus-Maximus/src/lidar_driver/ld08_driver -DAMENT_CMAKE_SYMLINK_INSTALL=1 -DCMAKE_INSTALL_PREFIX=/home/durva/ros2_ws/src/Columbus-Maximus/install/ld08_driver
[1.201s] DEBUG:colcon.colcon_core.task.python.build:Available setuptools commands: install, clean, sdist, saveopts, install_headers, dist_info, bdist_rpm, easy_install, build_clib, bdist, bdist_dumb, test, build_ext, build_py, upload, install_data, develop, alias, check, bdist_wheel, build, install_lib, upload_docs, build_scripts, setopt, install_egg_info, install_scripts, egg_info, rotate, register, bdist_egg, symlink_data
[1.220s] DEBUG:colcon.colcon_core.task.python.build:Available setuptools commands: install, clean, sdist, saveopts, install_headers, dist_info, bdist_rpm, easy_install, build_clib, bdist, bdist_dumb, test, build_ext, build_py, upload, install_data, develop, alias, check, bdist_wheel, build, install_lib, upload_docs, build_scripts, setopt, install_egg_info, install_scripts, egg_info, rotate, register, bdist_egg, symlink_data
[1.220s] DEBUG:colcon.colcon_core.task.python.build:Available setuptools commands: install, clean, sdist, saveopts, install_headers, dist_info, bdist_rpm, easy_install, build_clib, bdist, bdist_dumb, test, build_ext, build_py, upload, install_data, develop, alias, check, bdist_wheel, build, install_lib, upload_docs, build_scripts, setopt, install_egg_info, install_scripts, egg_info, rotate, register, bdist_egg, symlink_data
[1.457s] DEBUG:colcon.colcon_core.task.python.build:Available setuptools 'develop' options: --site-dirs, --user, --build-directory, --allow-hosts, --multi-version, --egg-path, --install-layout, --help, --always-unzip, --install-dir, --uninstall, --script-dir, --upgrade, --exclude-scripts, --version, --find-links, --force-installation-into-system-dir, --no-find-links, --optimize, --local-snapshots-ok, --always-copy, --verbose, --editable, --quiet, --prefix, --dry-run, --index-url, --record, --no-user-cfg, --zip-ok, --no-deps
[1.460s] DEBUG:colcon.colcon_core.event_handler.log_command:Invoking command in '/home/durva/ros2_ws/src/Columbus-Maximus/build/columbusmaximus': PYTHONPATH=/home/durva/ros2_ws/src/Columbus-Maximus/build/columbusmaximus/prefix_override:/usr/lib/python3/dist-packages/colcon_core/task/python/colcon_distutils_commands:/home/durva/ros2_ws/src/Columbus-Maximus/install/columbusmaximus/lib/python3.10/site-packages:${PYTHONPATH} /usr/bin/python3 -W ignore:setup.py install is deprecated -W ignore:easy_install command is deprecated setup.py develop --editable --build-directory /home/durva/ros2_ws/src/Columbus-Maximus/build/columbusmaximus/build --no-deps symlink_data
[1.479s] DEBUG:colcon.colcon_core.task.python.build:Available setuptools 'develop' options: --site-dirs, --user, --build-directory, --allow-hosts, --multi-version, --egg-path, --install-layout, --help, --always-unzip, --install-dir, --uninstall, --script-dir, --upgrade, --exclude-scripts, --version, --find-links, --force-installation-into-system-dir, --no-find-links, --optimize, --local-snapshots-ok, --always-copy, --verbose, --editable, --quiet, --prefix, --dry-run, --index-url, --record, --no-user-cfg, --zip-ok, --no-deps
[1.481s] DEBUG:colcon.colcon_core.event_handler.log_command:Invoking command in '/home/durva/ros2_ws/src/Columbus-Maximus/build/columbus_teleop': PYTHONPATH=/home/durva/ros2_ws/src/Columbus-Maximus/build/columbus_teleop/prefix_override:/usr/lib/python3/dist-packages/colcon_core/task/python/colcon_distutils_commands:/home/durva/ros2_ws/src/Columbus-Maximus/install/columbus_teleop/lib/python3.10/site-packages:${PYTHONPATH} /usr/bin/python3 -W ignore:setup.py install is deprecated -W ignore:easy_install command is deprecated setup.py develop --editable --build-directory /home/durva/ros2_ws/src/Columbus-Maximus/build/columbus_teleop/build --no-deps symlink_data
[1.492s] DEBUG:colcon.colcon_core.task.python.build:Available setuptools 'develop' options: --site-dirs, --user, --build-directory, --allow-hosts, --multi-version, --egg-path, --install-layout, --help, --always-unzip, --install-dir, --uninstall, --script-dir, --upgrade, --exclude-scripts, --version, --find-links, --force-installation-into-system-dir, --no-find-links, --optimize, --local-snapshots-ok, --always-copy, --verbose, --editable, --quiet, --prefix, --dry-run, --index-url, --record, --no-user-cfg, --zip-ok, --no-deps
[1.494s] DEBUG:colcon.colcon_core.event_handler.log_command:Invoking command in '/home/durva/ros2_ws/src/Columbus-Maximus/build/columbus_serial_bridge': PYTHONPATH=/home/durva/ros2_ws/src/Columbus-Maximus/build/columbus_serial_bridge/prefix_override:/usr/lib/python3/dist-packages/colcon_core/task/python/colcon_distutils_commands:/home/durva/ros2_ws/src/Columbus-Maximus/install/columbus_serial_bridge/lib/python3.10/site-packages:${PYTHONPATH} /usr/bin/python3 -W ignore:setup.py install is deprecated -W ignore:easy_install command is deprecated setup.py develop --editable --build-directory /home/durva/ros2_ws/src/Columbus-Maximus/build/columbus_serial_bridge/build --no-deps symlink_data
[1.822s] Level 1:colcon.colcon_core.shell:create_environment_hook('columbus_serial_bridge', 'pythonpath_develop')
[1.822s] INFO:colcon.colcon_core.shell:Creating environment hook '/home/durva/ros2_ws/src/Columbus-Maximus/build/columbus_serial_bridge/share/columbus_serial_bridge/hook/pythonpath_develop.ps1'
[1.823s] DEBUG:colcon.colcon_core.event_handler.log_command:Invoked command in '/home/durva/ros2_ws/src/Columbus-Maximus/build/columbus_serial_bridge' returned '0': PYTHONPATH=/home/durva/ros2_ws/src/Columbus-Maximus/build/columbus_serial_bridge/prefix_override:/usr/lib/python3/dist-packages/colcon_core/task/python/colcon_distutils_commands:/home/durva/ros2_ws/src/Columbus-Maximus/install/columbus_serial_bridge/lib/python3.10/site-packages:${PYTHONPATH} /usr/bin/python3 -W ignore:setup.py install is deprecated -W ignore:easy_install command is deprecated setup.py develop --editable --build-directory /home/durva/ros2_ws/src/Columbus-Maximus/build/columbus_serial_bridge/build --no-deps symlink_data
[1.823s] INFO:colcon.colcon_core.shell:Creating environment descriptor '/home/durva/ros2_ws/src/Columbus-Maximus/build/columbus_serial_bridge/share/columbus_serial_bridge/hook/pythonpath_develop.dsv'
[1.823s] INFO:colcon.colcon_core.shell:Creating environment hook '/home/durva/ros2_ws/src/Columbus-Maximus/build/columbus_serial_bridge/share/columbus_serial_bridge/hook/pythonpath_develop.sh'
[1.828s] Level 1:colcon.colcon_core.environment:checking '/home/durva/ros2_ws/src/Columbus-Maximus/install/columbus_serial_bridge' for CMake module files
[1.829s] Level 1:colcon.colcon_core.environment:checking '/home/durva/ros2_ws/src/Columbus-Maximus/install/columbus_serial_bridge' for CMake config files
[1.829s] Level 1:colcon.colcon_core.environment:checking '/home/durva/ros2_ws/src/Columbus-Maximus/install/columbus_serial_bridge/lib'
[1.829s] Level 1:colcon.colcon_core.environment:checking '/home/durva/ros2_ws/src/Columbus-Maximus/install/columbus_serial_bridge/bin'
[1.829s] Level 1:colcon.colcon_core.environment:checking '/home/durva/ros2_ws/src/Columbus-Maximus/install/columbus_serial_bridge/lib/pkgconfig/columbus_serial_bridge.pc'
[1.829s] Level 1:colcon.colcon_core.environment:checking '/home/durva/ros2_ws/src/Columbus-Maximus/install/columbus_serial_bridge/lib/python3.10/site-packages'
[1.829s] Level 1:colcon.colcon_core.shell:create_environment_hook('columbus_serial_bridge', 'pythonpath')
[1.830s] INFO:colcon.colcon_core.shell:Creating environment hook '/home/durva/ros2_ws/src/Columbus-Maximus/install/columbus_serial_bridge/share/columbus_serial_bridge/hook/pythonpath.ps1'
[1.830s] INFO:colcon.colcon_core.shell:Creating environment descriptor '/home/durva/ros2_ws/src/Columbus-Maximus/install/columbus_serial_bridge/share/columbus_serial_bridge/hook/pythonpath.dsv'
[1.830s] INFO:colcon.colcon_core.shell:Creating environment hook '/home/durva/ros2_ws/src/Columbus-Maximus/install/columbus_serial_bridge/share/columbus_serial_bridge/hook/pythonpath.sh'
[1.830s] Level 1:colcon.colcon_core.environment:checking '/home/durva/ros2_ws/src/Columbus-Maximus/install/columbus_serial_bridge/bin'
[1.831s] Level 1:colcon.colcon_core.environment:create_environment_scripts_only(columbus_serial_bridge)
[1.831s] INFO:colcon.colcon_core.shell:Creating package script '/home/durva/ros2_ws/src/Columbus-Maximus/install/columbus_serial_bridge/share/columbus_serial_bridge/package.ps1'
[1.832s] INFO:colcon.colcon_core.shell:Creating package descriptor '/home/durva/ros2_ws/src/Columbus-Maximus/install/columbus_serial_bridge/share/columbus_serial_bridge/package.dsv'
[1.833s] INFO:colcon.colcon_core.shell:Creating package script '/home/durva/ros2_ws/src/Columbus-Maximus/install/columbus_serial_bridge/share/columbus_serial_bridge/package.sh'
[1.834s] INFO:colcon.colcon_core.shell:Creating package script '/home/durva/ros2_ws/src/Columbus-Maximus/install/columbus_serial_bridge/share/columbus_serial_bridge/package.bash'
[1.835s] INFO:colcon.colcon_core.shell:Creating package script '/home/durva/ros2_ws/src/Columbus-Maximus/install/columbus_serial_bridge/share/columbus_serial_bridge/package.zsh'
[1.835s] Level 1:colcon.colcon_core.environment:create_file_with_runtime_dependencies(/home/durva/ros2_ws/src/Columbus-Maximus/install/columbus_serial_bridge/share/colcon-core/packages/columbus_serial_bridge)
[1.895s] Level 1:colcon.colcon_core.shell:create_environment_hook('columbus_teleop', 'pythonpath_develop')
[1.896s] INFO:colcon.colcon_core.shell:Creating environment hook '/home/durva/ros2_ws/src/Columbus-Maximus/build/columbus_teleop/share/columbus_teleop/hook/pythonpath_develop.ps1'
[1.897s] DEBUG:colcon.colcon_core.event_handler.log_command:Invoked command in '/home/durva/ros2_ws/src/Columbus-Maximus/build/columbus_teleop' returned '0': PYTHONPATH=/home/durva/ros2_ws/src/Columbus-Maximus/build/columbus_teleop/prefix_override:/usr/lib/python3/dist-packages/colcon_core/task/python/colcon_distutils_commands:/home/durva/ros2_ws/src/Columbus-Maximus/install/columbus_teleop/lib/python3.10/site-packages:${PYTHONPATH} /usr/bin/python3 -W ignore:setup.py install is deprecated -W ignore:easy_install command is deprecated setup.py develop --editable --build-directory /home/durva/ros2_ws/src/Columbus-Maximus/build/columbus_teleop/build --no-deps symlink_data
[1.897s] INFO:colcon.colcon_core.shell:Creating environment descriptor '/home/durva/ros2_ws/src/Columbus-Maximus/build/columbus_teleop/share/columbus_teleop/hook/pythonpath_develop.dsv'
[1.898s] INFO:colcon.colcon_core.shell:Creating environment hook '/home/durva/ros2_ws/src/Columbus-Maximus/build/columbus_teleop/share/columbus_teleop/hook/pythonpath_develop.sh'
[1.898s] Level 1:colcon.colcon_core.environment:checking '/home/durva/ros2_ws/src/Columbus-Maximus/install/columbus_teleop' for CMake module files
[1.900s] Level 1:colcon.colcon_core.environment:checking '/home/durva/ros2_ws/src/Columbus-Maximus/install/columbus_teleop' for CMake config files
[1.901s] Level 1:colcon.colcon_core.environment:checking '/home/durva/ros2_ws/src/Columbus-Maximus/install/columbus_teleop/lib'
[1.901s] Level 1:colcon.colcon_core.environment:checking '/home/durva/ros2_ws/src/Columbus-Maximus/install/columbus_teleop/bin'
[1.901s] Level 1:colcon.colcon_core.environment:checking '/home/durva/ros2_ws/src/Columbus-Maximus/install/columbus_teleop/lib/pkgconfig/columbus_teleop.pc'
[1.901s] Level 1:colcon.colcon_core.environment:checking '/home/durva/ros2_ws/src/Columbus-Maximus/install/columbus_teleop/lib/python3.10/site-packages'
[1.901s] Level 1:colcon.colcon_core.shell:create_environment_hook('columbus_teleop', 'pythonpath')
[1.901s] INFO:colcon.colcon_core.shell:Creating environment hook '/home/durva/ros2_ws/src/Columbus-Maximus/install/columbus_teleop/share/columbus_teleop/hook/pythonpath.ps1'
[1.902s] INFO:colcon.colcon_core.shell:Creating environment descriptor '/home/durva/ros2_ws/src/Columbus-Maximus/install/columbus_teleop/share/columbus_teleop/hook/pythonpath.dsv'
[1.902s] INFO:colcon.colcon_core.shell:Creating environment hook '/home/durva/ros2_ws/src/Columbus-Maximus/install/columbus_teleop/share/columbus_teleop/hook/pythonpath.sh'
[1.906s] Level 1:colcon.colcon_core.environment:checking '/home/durva/ros2_ws/src/Columbus-Maximus/install/columbus_teleop/bin'
[1.906s] Level 1:colcon.colcon_core.environment:create_environment_scripts_only(columbus_teleop)
[1.906s] INFO:colcon.colcon_core.shell:Creating package script '/home/durva/ros2_ws/src/Columbus-Maximus/install/columbus_teleop/share/columbus_teleop/package.ps1'
[1.907s] INFO:colcon.colcon_core.shell:Creating package descriptor '/home/durva/ros2_ws/src/Columbus-Maximus/install/columbus_teleop/share/columbus_teleop/package.dsv'
[1.908s] INFO:colcon.colcon_core.shell:Creating package script '/home/durva/ros2_ws/src/Columbus-Maximus/install/columbus_teleop/share/columbus_teleop/package.sh'
[1.908s] INFO:colcon.colcon_core.shell:Creating package script '/home/durva/ros2_ws/src/Columbus-Maximus/install/columbus_teleop/share/columbus_teleop/package.bash'
[1.909s] INFO:colcon.colcon_core.shell:Creating package script '/home/durva/ros2_ws/src/Columbus-Maximus/install/columbus_teleop/share/columbus_teleop/package.zsh'
[1.909s] Level 1:colcon.colcon_core.environment:create_file_with_runtime_dependencies(/home/durva/ros2_ws/src/Columbus-Maximus/install/columbus_teleop/share/colcon-core/packages/columbus_teleop)
[1.911s] Level 1:colcon.colcon_core.shell:create_environment_hook('columbusmaximus', 'pythonpath_develop')
[1.911s] INFO:colcon.colcon_core.shell:Creating environment hook '/home/durva/ros2_ws/src/Columbus-Maximus/build/columbusmaximus/share/columbusmaximus/hook/pythonpath_develop.ps1'
[1.912s] INFO:colcon.colcon_core.shell:Creating environment descriptor '/home/durva/ros2_ws/src/Columbus-Maximus/build/columbusmaximus/share/columbusmaximus/hook/pythonpath_develop.dsv'
[1.912s] INFO:colcon.colcon_core.shell:Creating environment hook '/home/durva/ros2_ws/src/Columbus-Maximus/build/columbusmaximus/share/columbusmaximus/hook/pythonpath_develop.sh'
[1.913s] Level 1:colcon.colcon_core.environment:checking '/home/durva/ros2_ws/src/Columbus-Maximus/install/columbusmaximus' for CMake module files
[1.913s] DEBUG:colcon.colcon_core.event_handler.log_command:Invoked command in '/home/durva/ros2_ws/src/Columbus-Maximus/build/columbusmaximus' returned '0': PYTHONPATH=/home/durva/ros2_ws/src/Columbus-Maximus/build/columbusmaximus/prefix_override:/usr/lib/python3/dist-packages/colcon_core/task/python/colcon_distutils_commands:/home/durva/ros2_ws/src/Columbus-Maximus/install/columbusmaximus/lib/python3.10/site-packages:${PYTHONPATH} /usr/bin/python3 -W ignore:setup.py install is deprecated -W ignore:easy_install command is deprecated setup.py develop --editable --build-directory /home/durva/ros2_ws/src/Columbus-Maximus/build/columbusmaximus/build --no-deps symlink_data
[1.914s] Level 1:colcon.colcon_core.environment:checking '/home/durva/ros2_ws/src/Columbus-Maximus/install/columbusmaximus' for CMake config files
[1.915s] Level 1:colcon.colcon_core.environment:checking '/home/durva/ros2_ws/src/Columbus-Maximus/install/columbusmaximus/lib'
[1.915s] Level 1:colcon.colcon_core.environment:checking '/home/durva/ros2_ws/src/Columbus-Maximus/install/columbusmaximus/bin'
[1.915s] Level 1:colcon.colcon_core.environment:checking '/home/durva/ros2_ws/src/Columbus-Maximus/install/columbusmaximus/lib/pkgconfig/columbusmaximus.pc'
[1.915s] Level 1:colcon.colcon_core.environment:checking '/home/durva/ros2_ws/src/Columbus-Maximus/install/columbusmaximus/lib/python3.10/site-packages'
[1.915s] Level 1:colcon.colcon_core.shell:create_environment_hook('columbusmaximus', 'pythonpath')
[1.916s] INFO:colcon.colcon_core.shell:Creating environment hook '/home/durva/ros2_ws/src/Columbus-Maximus/install/columbusmaximus/share/columbusmaximus/hook/pythonpath.ps1'
[1.916s] INFO:colcon.colcon_core.shell:Creating environment descriptor '/home/durva/ros2_ws/src/Columbus-Maximus/install/columbusmaximus/share/columbusmaximus/hook/pythonpath.dsv'
[1.916s] INFO:colcon.colcon_core.shell:Creating environment hook '/home/durva/ros2_ws/src/Columbus-Maximus/install/columbusmaximus/share/columbusmaximus/hook/pythonpath.sh'
[1.917s] Level 1:colcon.colcon_core.environment:checking '/home/durva/ros2_ws/src/Columbus-Maximus/install/columbusmaximus/bin'
[1.917s] Level 1:colcon.colcon_core.environment:create_environment_scripts_only(columbusmaximus)
[1.917s] INFO:colcon.colcon_core.shell:Creating package script '/home/durva/ros2_ws/src/Columbus-Maximus/install/columbusmaximus/share/columbusmaximus/package.ps1'
[1.917s] INFO:colcon.colcon_core.shell:Creating package descriptor '/home/durva/ros2_ws/src/Columbus-Maximus/install/columbusmaximus/share/columbusmaximus/package.dsv'
[1.918s] INFO:colcon.colcon_core.shell:Creating package script '/home/durva/ros2_ws/src/Columbus-Maximus/install/columbusmaximus/share/columbusmaximus/package.sh'
[1.918s] INFO:colcon.colcon_core.shell:Creating package script '/home/durva/ros2_ws/src/Columbus-Maximus/install/columbusmaximus/share/columbusmaximus/package.bash'
[1.918s] INFO:colcon.colcon_core.shell:Creating package script '/home/durva/ros2_ws/src/Columbus-Maximus/install/columbusmaximus/share/columbusmaximus/package.zsh'
[1.918s] Level 1:colcon.colcon_core.environment:create_file_with_runtime_dependencies(/home/durva/ros2_ws/src/Columbus-Maximus/install/columbusmaximus/share/colcon-core/packages/columbusmaximus)
[2.322s] DEBUG:colcon.colcon_core.event_handler.log_command:Invoked command in '/home/durva/ros2_ws/src/Columbus-Maximus/build/ld08_driver' returned '1': CMAKE_PREFIX_PATH=/home/durva/ros2_ws/install/uwb_tracker:/home/durva/ros2_ws/install/columbus_teleop:/home/durva/ros2_ws/install/columbus_serial_bridge:/home/durva/ros2_ws/install/columbus_bringup:/opt/ros/humble /usr/bin/cmake /home/durva/ros2_ws/src/Columbus-Maximus/src/lidar_driver/ld08_driver -DAMENT_CMAKE_SYMLINK_INSTALL=1 -DCMAKE_INSTALL_PREFIX=/home/durva/ros2_ws/src/Columbus-Maximus/install/ld08_driver
[2.330s] Level 1:colcon.colcon_core.environment:create_environment_scripts_only(ld08_driver)
[2.330s] Level 1:colcon.colcon_core.environment:checking '/home/durva/ros2_ws/src/Columbus-Maximus/install/ld08_driver' for CMake module files
[2.330s] Level 1:colcon.colcon_core.environment:checking '/home/durva/ros2_ws/src/Columbus-Maximus/install/ld08_driver' for CMake config files
[2.331s] Level 1:colcon.colcon_core.environment:checking '/home/durva/ros2_ws/src/Columbus-Maximus/install/ld08_driver/bin'
[2.331s] Level 1:colcon.colcon_core.environment:checking '/home/durva/ros2_ws/src/Columbus-Maximus/install/ld08_driver/lib/pkgconfig/ld08_driver.pc'
[2.331s] Level 1:colcon.colcon_core.environment:checking '/home/durva/ros2_ws/src/Columbus-Maximus/install/ld08_driver/lib/python3.10/site-packages'
[2.331s] Level 1:colcon.colcon_core.environment:checking '/home/durva/ros2_ws/src/Columbus-Maximus/install/ld08_driver/bin'
[2.331s] INFO:colcon.colcon_core.shell:Creating package script '/home/durva/ros2_ws/src/Columbus-Maximus/install/ld08_driver/share/ld08_driver/package.ps1'
[2.332s] INFO:colcon.colcon_core.shell:Creating package descriptor '/home/durva/ros2_ws/src/Columbus-Maximus/install/ld08_driver/share/ld08_driver/package.dsv'
[2.332s] INFO:colcon.colcon_core.shell:Creating package script '/home/durva/ros2_ws/src/Columbus-Maximus/install/ld08_driver/share/ld08_driver/package.sh'
[2.332s] INFO:colcon.colcon_core.shell:Creating package script '/home/durva/ros2_ws/src/Columbus-Maximus/install/ld08_driver/share/ld08_driver/package.bash'
[2.332s] INFO:colcon.colcon_core.shell:Creating package script '/home/durva/ros2_ws/src/Columbus-Maximus/install/ld08_driver/share/ld08_driver/package.zsh'
[2.332s] Level 1:colcon.colcon_core.environment:create_file_with_runtime_dependencies(/home/durva/ros2_ws/src/Columbus-Maximus/install/ld08_driver/share/colcon-core/packages/ld08_driver)
[4.500s] DEBUG:colcon.colcon_parallel_executor.executor.parallel:closing loop
[4.500s] DEBUG:colcon.colcon_parallel_executor.executor.parallel:loop closed
[4.500s] DEBUG:colcon.colcon_parallel_executor.executor.parallel:run_until_complete finished with '1'
[4.500s] DEBUG:colcon.colcon_core.event_reactor:joining thread
[4.510s] INFO:colcon.colcon_core.plugin_system:Skipping extension 'colcon_notification.desktop_notification.terminal_notifier': Not used on non-Darwin systems
[4.510s] INFO:colcon.colcon_core.plugin_system:Skipping extension 'colcon_notification.desktop_notification.win32': Not used on non-Windows systems
[4.510s] INFO:colcon.colcon_notification.desktop_notification:Sending desktop notification using 'notify2'
[4.523s] DEBUG:colcon.colcon_core.event_reactor:joined thread
[4.523s] INFO:colcon.colcon_core.shell:Creating prefix script '/home/durva/ros2_ws/src/Columbus-Maximus/install/local_setup.ps1'
[4.524s] INFO:colcon.colcon_core.shell:Creating prefix util module '/home/durva/ros2_ws/src/Columbus-Maximus/install/_local_setup_util_ps1.py'
[4.525s] INFO:colcon.colcon_core.shell:Creating prefix chain script '/home/durva/ros2_ws/src/Columbus-Maximus/install/setup.ps1'
[4.526s] INFO:colcon.colcon_core.shell:Creating prefix script '/home/durva/ros2_ws/src/Columbus-Maximus/install/local_setup.sh'
[4.527s] INFO:colcon.colcon_core.shell:Creating prefix util module '/home/durva/ros2_ws/src/Columbus-Maximus/install/_local_setup_util_sh.py'
[4.527s] INFO:colcon.colcon_core.shell:Creating prefix chain script '/home/durva/ros2_ws/src/Columbus-Maximus/install/setup.sh'
[4.528s] INFO:colcon.colcon_core.shell:Creating prefix script '/home/durva/ros2_ws/src/Columbus-Maximus/install/local_setup.bash'
[4.528s] INFO:colcon.colcon_core.shell:Creating prefix chain script '/home/durva/ros2_ws/src/Columbus-Maximus/install/setup.bash'
[4.529s] INFO:colcon.colcon_core.shell:Creating prefix script '/home/durva/ros2_ws/src/Columbus-Maximus/install/local_setup.zsh'
[4.529s] INFO:colcon.colcon_core.shell:Creating prefix chain script '/home/durva/ros2_ws/src/Columbus-Maximus/install/setup.zsh'
