[0.894s] Invoking command in '/home/durva/ros2_ws/src/Columbus-Maximus/build/columbusmaximus': PYTHONPATH=/home/durva/ros2_ws/src/Columbus-Maximus/build/columbusmaximus/prefix_override:/usr/lib/python3/dist-packages/colcon_core/task/python/colcon_distutils_commands:/home/durva/ros2_ws/src/Columbus-Maximus/install/columbusmaximus/lib/python3.10/site-packages:${PYTHONPATH} /usr/bin/python3 -W ignore:setup.py install is deprecated -W ignore:easy_install command is deprecated setup.py develop --editable --build-directory /home/durva/ros2_ws/src/Columbus-Maximus/build/columbusmaximus/build --no-deps symlink_data
[1.058s] running develop
[1.178s] running egg_info
[1.178s] creating columbusmaximus.egg-info
[1.178s] writing columbusmaximus.egg-info/PKG-INFO
[1.178s] writing dependency_links to columbusmaximus.egg-info/dependency_links.txt
[1.178s] writing entry points to columbusmaximus.egg-info/entry_points.txt
[1.178s] writing requirements to columbusmaximus.egg-info/requires.txt
[1.178s] writing top-level names to columbusmaximus.egg-info/top_level.txt
[1.178s] writing manifest file 'columbusmaximus.egg-info/SOURCES.txt'
[1.180s] reading manifest file 'columbusmaximus.egg-info/SOURCES.txt'
[1.180s] writing manifest file 'columbusmaximus.egg-info/SOURCES.txt'
[1.181s] running build_ext
[1.181s] Creating /home/durva/ros2_ws/src/Columbus-Maximus/install/columbusmaximus/lib/python3.10/site-packages/columbusmaximus.egg-link (link to .)
[1.182s] 
[1.182s] Installed /home/durva/ros2_ws/src/Columbus-Maximus/build/columbusmaximus
[1.182s] running symlink_data
[1.182s] creating /home/durva/ros2_ws/src/Columbus-Maximus/install/columbusmaximus/share/ament_index
[1.182s] creating /home/durva/ros2_ws/src/Columbus-Maximus/install/columbusmaximus/share/ament_index/resource_index
[1.182s] creating /home/durva/ros2_ws/src/Columbus-Maximus/install/columbusmaximus/share/ament_index/resource_index/packages
[1.182s] symbolically linking /home/durva/ros2_ws/src/Columbus-Maximus/build/columbusmaximus/resource/columbusmaximus -> /home/durva/ros2_ws/src/Columbus-Maximus/install/columbusmaximus/share/ament_index/resource_index/packages
[1.182s] symbolically linking /home/durva/ros2_ws/src/Columbus-Maximus/build/columbusmaximus/package.xml -> /home/durva/ros2_ws/src/Columbus-Maximus/install/columbusmaximus/share/columbusmaximus
[1.182s] symbolically linking /home/durva/ros2_ws/src/Columbus-Maximus/build/columbusmaximus/model.config -> /home/durva/ros2_ws/src/Columbus-Maximus/install/columbusmaximus/share/columbusmaximus
[1.182s] symbolically linking /home/durva/ros2_ws/src/Columbus-Maximus/build/columbusmaximus/model.sdf -> /home/durva/ros2_ws/src/Columbus-Maximus/install/columbusmaximus/share/columbusmaximus
[1.182s] creating /home/durva/ros2_ws/src/Columbus-Maximus/install/columbusmaximus/share/columbusmaximus/description
[1.183s] symbolically linking /home/durva/ros2_ws/src/Columbus-Maximus/build/columbusmaximus/description/robot.urdf.xacro -> /home/durva/ros2_ws/src/Columbus-Maximus/install/columbusmaximus/share/columbusmaximus/description
[1.183s] symbolically linking /home/durva/ros2_ws/src/Columbus-Maximus/build/columbusmaximus/description/lidar.xacro -> /home/durva/ros2_ws/src/Columbus-Maximus/install/columbusmaximus/share/columbusmaximus/description
[1.183s] symbolically linking /home/durva/ros2_ws/src/Columbus-Maximus/build/columbusmaximus/description/robot_core.xacro -> /home/durva/ros2_ws/src/Columbus-Maximus/install/columbusmaximus/share/columbusmaximus/description
[1.183s] symbolically linking /home/durva/ros2_ws/src/Columbus-Maximus/build/columbusmaximus/description/gazebo_control.xacro -> /home/durva/ros2_ws/src/Columbus-Maximus/install/columbusmaximus/share/columbusmaximus/description
[1.183s] creating /home/durva/ros2_ws/src/Columbus-Maximus/install/columbusmaximus/share/columbusmaximus/meshes
[1.183s] symbolically linking /home/durva/ros2_ws/src/Columbus-Maximus/build/columbusmaximus/meshes/Assembly_1.stl -> /home/durva/ros2_ws/src/Columbus-Maximus/install/columbusmaximus/share/columbusmaximus/meshes
[1.183s] creating /home/durva/ros2_ws/src/Columbus-Maximus/install/columbusmaximus/share/columbusmaximus/launch
[1.183s] symbolically linking /home/durva/ros2_ws/src/Columbus-Maximus/build/columbusmaximus/launch/slam.launch.py -> /home/durva/ros2_ws/src/Columbus-Maximus/install/columbusmaximus/share/columbusmaximus/launch
[1.183s] symbolically linking /home/durva/ros2_ws/src/Columbus-Maximus/build/columbusmaximus/launch/rsp.launch.py -> /home/durva/ros2_ws/src/Columbus-Maximus/install/columbusmaximus/share/columbusmaximus/launch
[1.183s] symbolically linking /home/durva/ros2_ws/src/Columbus-Maximus/build/columbusmaximus/launch/launch_sim.launch.py -> /home/durva/ros2_ws/src/Columbus-Maximus/install/columbusmaximus/share/columbusmaximus/launch
[1.183s] symbolically linking /home/durva/ros2_ws/src/Columbus-Maximus/build/columbusmaximus/launch/bringup.launch.py -> /home/durva/ros2_ws/src/Columbus-Maximus/install/columbusmaximus/share/columbusmaximus/launch
[1.184s] creating /home/durva/ros2_ws/src/Columbus-Maximus/install/columbusmaximus/share/columbusmaximus/rviz
[1.184s] symbolically linking /home/durva/ros2_ws/src/Columbus-Maximus/build/columbusmaximus/rviz/slam.rviz -> /home/durva/ros2_ws/src/Columbus-Maximus/install/columbusmaximus/share/columbusmaximus/rviz
[1.184s] symbolically linking /home/durva/ros2_ws/src/Columbus-Maximus/build/columbusmaximus/rviz/urdf_config.rviz -> /home/durva/ros2_ws/src/Columbus-Maximus/install/columbusmaximus/share/columbusmaximus/rviz
[1.184s] symbolically linking /home/durva/ros2_ws/src/Columbus-Maximus/build/columbusmaximus/rviz/lidar_scan.rviz -> /home/durva/ros2_ws/src/Columbus-Maximus/install/columbusmaximus/share/columbusmaximus/rviz
[1.184s] symbolically linking /home/durva/ros2_ws/src/Columbus-Maximus/build/columbusmaximus/rviz/urdf_config_wsl.rviz -> /home/durva/ros2_ws/src/Columbus-Maximus/install/columbusmaximus/share/columbusmaximus/rviz
[1.184s] creating /home/durva/ros2_ws/src/Columbus-Maximus/install/columbusmaximus/share/columbusmaximus/config
[1.184s] symbolically linking /home/durva/ros2_ws/src/Columbus-Maximus/build/columbusmaximus/config/mapper_params_online_async.yaml -> /home/durva/ros2_ws/src/Columbus-Maximus/install/columbusmaximus/share/columbusmaximus/config
[1.184s] creating /home/durva/ros2_ws/src/Columbus-Maximus/install/columbusmaximus/share/columbusmaximus/maps
[1.215s] Invoked command in '/home/durva/ros2_ws/src/Columbus-Maximus/build/columbusmaximus' returned '0': PYTHONPATH=/home/durva/ros2_ws/src/Columbus-Maximus/build/columbusmaximus/prefix_override:/usr/lib/python3/dist-packages/colcon_core/task/python/colcon_distutils_commands:/home/durva/ros2_ws/src/Columbus-Maximus/install/columbusmaximus/lib/python3.10/site-packages:${PYTHONPATH} /usr/bin/python3 -W ignore:setup.py install is deprecated -W ignore:easy_install command is deprecated setup.py develop --editable --build-directory /home/durva/ros2_ws/src/Columbus-Maximus/build/columbusmaximus/build --no-deps symlink_data
