running develop
Removing /home/durva/ros2_ws/src/Columbus-Maximus/install/columbus_serial_bridge/lib/python3.10/site-packages/columbus-serial-bridge.egg-link (link to .)
running egg_info
writing ../../build/columbus_serial_bridge/columbus_serial_bridge.egg-info/PKG-INFO
writing dependency_links to ../../build/columbus_serial_bridge/columbus_serial_bridge.egg-info/dependency_links.txt
writing entry points to ../../build/columbus_serial_bridge/columbus_serial_bridge.egg-info/entry_points.txt
writing requirements to ../../build/columbus_serial_bridge/columbus_serial_bridge.egg-info/requires.txt
writing top-level names to ../../build/columbus_serial_bridge/columbus_serial_bridge.egg-info/top_level.txt
reading manifest file '../../build/columbus_serial_bridge/columbus_serial_bridge.egg-info/SOURCES.txt'
writing manifest file '../../build/columbus_serial_bridge/columbus_serial_bridge.egg-info/SOURCES.txt'
running build
running build_py
creating /home/durva/ros2_ws/src/Columbus-Maximus/build/columbus_serial_bridge/build
creating /home/durva/ros2_ws/src/Columbus-Maximus/build/columbus_serial_bridge/build/lib
creating /home/durva/ros2_ws/src/Columbus-Maximus/build/columbus_serial_bridge/build/lib/columbus_serial_bridge
copying columbus_serial_bridge/__init__.py -> /home/durva/ros2_ws/src/Columbus-Maximus/build/columbus_serial_bridge/build/lib/columbus_serial_bridge
copying columbus_serial_bridge/serial_bridge.py -> /home/durva/ros2_ws/src/Columbus-Maximus/build/columbus_serial_bridge/build/lib/columbus_serial_bridge
running install
running install_lib
creating /home/durva/ros2_ws/src/Columbus-Maximus/install/columbus_serial_bridge/lib/python3.10/site-packages/columbus_serial_bridge
copying /home/durva/ros2_ws/src/Columbus-Maximus/build/columbus_serial_bridge/build/lib/columbus_serial_bridge/__init__.py -> /home/durva/ros2_ws/src/Columbus-Maximus/install/columbus_serial_bridge/lib/python3.10/site-packages/columbus_serial_bridge
copying /home/durva/ros2_ws/src/Columbus-Maximus/build/columbus_serial_bridge/build/lib/columbus_serial_bridge/serial_bridge.py -> /home/durva/ros2_ws/src/Columbus-Maximus/install/columbus_serial_bridge/lib/python3.10/site-packages/columbus_serial_bridge
byte-compiling /home/durva/ros2_ws/src/Columbus-Maximus/install/columbus_serial_bridge/lib/python3.10/site-packages/columbus_serial_bridge/__init__.py to __init__.cpython-310.pyc
byte-compiling /home/durva/ros2_ws/src/Columbus-Maximus/install/columbus_serial_bridge/lib/python3.10/site-packages/columbus_serial_bridge/serial_bridge.py to serial_bridge.cpython-310.pyc
running install_data
copying resource/columbus_serial_bridge -> /home/durva/ros2_ws/src/Columbus-Maximus/install/columbus_serial_bridge/share/ament_index/resource_index/packages
copying package.xml -> /home/durva/ros2_ws/src/Columbus-Maximus/install/columbus_serial_bridge/share/columbus_serial_bridge
running install_egg_info
Copying ../../build/columbus_serial_bridge/columbus_serial_bridge.egg-info to /home/durva/ros2_ws/src/Columbus-Maximus/install/columbus_serial_bridge/lib/python3.10/site-packages/columbus_serial_bridge-0.0.0-py3.10.egg-info
running install_scripts
Installing serial_bridge script to /home/durva/ros2_ws/src/Columbus-Maximus/install/columbus_serial_bridge/lib/columbus_serial_bridge
writing list of installed files to '/home/durva/ros2_ws/src/Columbus-Maximus/build/columbus_serial_bridge/install.log'
