[0.432s] Invoking command in '/home/durva/ros2_ws/src/Columbus-Maximus/build/columbus_serial_bridge': PYTHONPATH=/home/durva/ros2_ws/src/Columbus-Maximus/build/columbus_serial_bridge/prefix_override:/usr/lib/python3/dist-packages/colcon_core/task/python/colcon_distutils_commands:/home/durva/ros2_ws/src/Columbus-Maximus/install/columbus_serial_bridge/lib/python3.10/site-packages:${PYTHONPATH} /usr/bin/python3 -W ignore:setup.py install is deprecated -W ignore:easy_install command is deprecated setup.py develop --uninstall --editable --build-directory /home/durva/ros2_ws/src/Columbus-Maximus/build/columbus_serial_bridge/build
[0.616s] running develop
[0.712s] Removing /home/durva/ros2_ws/src/Columbus-Maximus/install/columbus_serial_bridge/lib/python3.10/site-packages/columbus-serial-bridge.egg-link (link to .)
[0.741s] Invoked command in '/home/durva/ros2_ws/src/Columbus-Maximus/build/columbus_serial_bridge' returned '0': PYTHONPATH=/home/durva/ros2_ws/src/Columbus-Maximus/build/columbus_serial_bridge/prefix_override:/usr/lib/python3/dist-packages/colcon_core/task/python/colcon_distutils_commands:/home/durva/ros2_ws/src/Columbus-Maximus/install/columbus_serial_bridge/lib/python3.10/site-packages:${PYTHONPATH} /usr/bin/python3 -W ignore:setup.py install is deprecated -W ignore:easy_install command is deprecated setup.py develop --uninstall --editable --build-directory /home/durva/ros2_ws/src/Columbus-Maximus/build/columbus_serial_bridge/build
[0.742s] Invoking command in '/home/durva/ros2_ws/src/Columbus-Maximus/src/columbus_serial_bridge': PYTHONPATH=/home/durva/ros2_ws/src/Columbus-Maximus/build/columbus_serial_bridge/prefix_override:/usr/lib/python3/dist-packages/colcon_core/task/python/colcon_distutils_commands:/home/durva/ros2_ws/src/Columbus-Maximus/install/columbus_serial_bridge/lib/python3.10/site-packages:${PYTHONPATH} /usr/bin/python3 -W ignore:setup.py install is deprecated -W ignore:easy_install command is deprecated setup.py egg_info --egg-base ../../build/columbus_serial_bridge build --build-base /home/durva/ros2_ws/src/Columbus-Maximus/build/columbus_serial_bridge/build install --record /home/durva/ros2_ws/src/Columbus-Maximus/build/columbus_serial_bridge/install.log --install-scripts $base/lib/columbus_serial_bridge --single-version-externally-managed install_data --force
[0.915s] running egg_info
[0.915s] writing ../../build/columbus_serial_bridge/columbus_serial_bridge.egg-info/PKG-INFO
[0.915s] writing dependency_links to ../../build/columbus_serial_bridge/columbus_serial_bridge.egg-info/dependency_links.txt
[0.916s] writing entry points to ../../build/columbus_serial_bridge/columbus_serial_bridge.egg-info/entry_points.txt
[0.916s] writing requirements to ../../build/columbus_serial_bridge/columbus_serial_bridge.egg-info/requires.txt
[0.916s] writing top-level names to ../../build/columbus_serial_bridge/columbus_serial_bridge.egg-info/top_level.txt
[0.918s] reading manifest file '../../build/columbus_serial_bridge/columbus_serial_bridge.egg-info/SOURCES.txt'
[0.924s] writing manifest file '../../build/columbus_serial_bridge/columbus_serial_bridge.egg-info/SOURCES.txt'
[0.924s] running build
[0.925s] running build_py
[0.925s] creating /home/durva/ros2_ws/src/Columbus-Maximus/build/columbus_serial_bridge/build
[0.925s] creating /home/durva/ros2_ws/src/Columbus-Maximus/build/columbus_serial_bridge/build/lib
[0.925s] creating /home/durva/ros2_ws/src/Columbus-Maximus/build/columbus_serial_bridge/build/lib/columbus_serial_bridge
[0.925s] copying columbus_serial_bridge/__init__.py -> /home/durva/ros2_ws/src/Columbus-Maximus/build/columbus_serial_bridge/build/lib/columbus_serial_bridge
[0.925s] copying columbus_serial_bridge/serial_bridge.py -> /home/durva/ros2_ws/src/Columbus-Maximus/build/columbus_serial_bridge/build/lib/columbus_serial_bridge
[0.925s] running install
[0.925s] running install_lib
[0.926s] creating /home/durva/ros2_ws/src/Columbus-Maximus/install/columbus_serial_bridge/lib/python3.10/site-packages/columbus_serial_bridge
[0.926s] copying /home/durva/ros2_ws/src/Columbus-Maximus/build/columbus_serial_bridge/build/lib/columbus_serial_bridge/__init__.py -> /home/durva/ros2_ws/src/Columbus-Maximus/install/columbus_serial_bridge/lib/python3.10/site-packages/columbus_serial_bridge
[0.926s] copying /home/durva/ros2_ws/src/Columbus-Maximus/build/columbus_serial_bridge/build/lib/columbus_serial_bridge/serial_bridge.py -> /home/durva/ros2_ws/src/Columbus-Maximus/install/columbus_serial_bridge/lib/python3.10/site-packages/columbus_serial_bridge
[0.927s] byte-compiling /home/durva/ros2_ws/src/Columbus-Maximus/install/columbus_serial_bridge/lib/python3.10/site-packages/columbus_serial_bridge/__init__.py to __init__.cpython-310.pyc
[0.927s] byte-compiling /home/durva/ros2_ws/src/Columbus-Maximus/install/columbus_serial_bridge/lib/python3.10/site-packages/columbus_serial_bridge/serial_bridge.py to serial_bridge.cpython-310.pyc
[0.928s] running install_data
[0.928s] copying resource/columbus_serial_bridge -> /home/durva/ros2_ws/src/Columbus-Maximus/install/columbus_serial_bridge/share/ament_index/resource_index/packages
[0.929s] copying package.xml -> /home/durva/ros2_ws/src/Columbus-Maximus/install/columbus_serial_bridge/share/columbus_serial_bridge
[0.929s] running install_egg_info
[0.931s] Copying ../../build/columbus_serial_bridge/columbus_serial_bridge.egg-info to /home/durva/ros2_ws/src/Columbus-Maximus/install/columbus_serial_bridge/lib/python3.10/site-packages/columbus_serial_bridge-0.0.0-py3.10.egg-info
[0.932s] running install_scripts
[0.952s] Installing serial_bridge script to /home/durva/ros2_ws/src/Columbus-Maximus/install/columbus_serial_bridge/lib/columbus_serial_bridge
[0.952s] writing list of installed files to '/home/durva/ros2_ws/src/Columbus-Maximus/build/columbus_serial_bridge/install.log'
[0.977s] Invoked command in '/home/durva/ros2_ws/src/Columbus-Maximus/src/columbus_serial_bridge' returned '0': PYTHONPATH=/home/durva/ros2_ws/src/Columbus-Maximus/build/columbus_serial_bridge/prefix_override:/usr/lib/python3/dist-packages/colcon_core/task/python/colcon_distutils_commands:/home/durva/ros2_ws/src/Columbus-Maximus/install/columbus_serial_bridge/lib/python3.10/site-packages:${PYTHONPATH} /usr/bin/python3 -W ignore:setup.py install is deprecated -W ignore:easy_install command is deprecated setup.py egg_info --egg-base ../../build/columbus_serial_bridge build --build-base /home/durva/ros2_ws/src/Columbus-Maximus/build/columbus_serial_bridge/build install --record /home/durva/ros2_ws/src/Columbus-Maximus/build/columbus_serial_bridge/install.log --install-scripts $base/lib/columbus_serial_bridge --single-version-externally-managed install_data --force
