[0.068s] DEBUG:colcon:Command line arguments: ['/usr/bin/colcon', 'build', '--symlink-install', '--packages-select', 'ld08_driver']
[0.069s] DEBUG:colcon:Parsed command line arguments: Namespace(log_base=None, log_level=None, verb_name='build', build_base='build', install_base='install', merge_install=False, symlink_install=True, test_result_base=None, continue_on_error=False, executor='parallel', parallel_workers=8, event_handlers=None, ignore_user_meta=False, metas=['./colcon.meta'], base_paths=['.'], packages_ignore=None, packages_ignore_regex=None, paths=None, packages_up_to=None, packages_up_to_regex=None, packages_above=None, packages_above_and_dependencies=None, packages_above_depth=None, packages_select_by_dep=None, packages_skip_by_dep=None, packages_skip_up_to=None, packages_select_build_failed=False, packages_skip_build_finished=False, packages_select_test_failures=False, packages_skip_test_passed=False, packages_select=['ld08_driver'], packages_skip=None, packages_select_regex=None, packages_skip_regex=None, packages_start=None, packages_end=None, allow_overriding=[], cmake_args=None, cmake_target=None, cmake_target_skip_unavailable=False, cmake_clean_cache=False, cmake_clean_first=False, cmake_force_configure=False, ament_cmake_args=None, catkin_cmake_args=None, catkin_skip_building_tests=False, verb_parser=<colcon_defaults.argument_parser.defaults.DefaultArgumentsDecorator object at 0x744ef82518a0>, verb_extension=<colcon_core.verb.build.BuildVerb object at 0x744ef82507f0>, main=<bound method BuildVerb.main of <colcon_core.verb.build.BuildVerb object at 0x744ef82507f0>>)
[0.173s] Level 1:colcon.colcon_core.package_discovery:discover_packages(colcon_meta) check parameters
[0.173s] Level 1:colcon.colcon_core.package_discovery:discover_packages(recursive) check parameters
[0.173s] Level 1:colcon.colcon_core.package_discovery:discover_packages(ignore) check parameters
[0.173s] Level 1:colcon.colcon_core.package_discovery:discover_packages(path) check parameters
[0.173s] Level 1:colcon.colcon_core.package_discovery:discover_packages(colcon_meta) discover
[0.173s] Level 1:colcon.colcon_core.package_discovery:discover_packages(recursive) discover
[0.173s] INFO:colcon.colcon_core.package_discovery:Crawling recursively for packages in '/home/durva/ros2_ws/src/Columbus-Maximus'
[0.173s] Level 1:colcon.colcon_core.package_identification:_identify(.) by extensions ['ignore', 'ignore_ament_install']
[0.173s] Level 1:colcon.colcon_core.package_identification:_identify(.) by extension 'ignore'
[0.173s] Level 1:colcon.colcon_core.package_identification:_identify(.) by extension 'ignore_ament_install'
[0.173s] Level 1:colcon.colcon_core.package_identification:_identify(.) by extensions ['colcon_pkg']
[0.173s] Level 1:colcon.colcon_core.package_identification:_identify(.) by extension 'colcon_pkg'
[0.173s] Level 1:colcon.colcon_core.package_identification:_identify(.) by extensions ['colcon_meta']
[0.173s] Level 1:colcon.colcon_core.package_identification:_identify(.) by extension 'colcon_meta'
[0.173s] Level 1:colcon.colcon_core.package_identification:_identify(.) by extensions ['ros']
[0.173s] Level 1:colcon.colcon_core.package_identification:_identify(.) by extension 'ros'
[0.182s] Level 1:colcon.colcon_core.package_identification:_identify(.) by extensions ['cmake', 'python']
[0.182s] Level 1:colcon.colcon_core.package_identification:_identify(.) by extension 'cmake'
[0.182s] Level 1:colcon.colcon_core.package_identification:_identify(.) by extension 'python'
[0.182s] Level 1:colcon.colcon_core.package_identification:_identify(.) by extensions ['python_setup_py']
[0.182s] Level 1:colcon.colcon_core.package_identification:_identify(.) by extension 'python_setup_py'
[0.182s] Level 1:colcon.colcon_core.package_identification:_identify(build) by extensions ['ignore', 'ignore_ament_install']
[0.183s] Level 1:colcon.colcon_core.package_identification:_identify(build) by extension 'ignore'
[0.183s] Level 1:colcon.colcon_core.package_identification:_identify(build) ignored
[0.183s] Level 1:colcon.colcon_core.package_identification:_identify(columbus_firmware) by extensions ['ignore', 'ignore_ament_install']
[0.183s] Level 1:colcon.colcon_core.package_identification:_identify(columbus_firmware) by extension 'ignore'
[0.183s] Level 1:colcon.colcon_core.package_identification:_identify(columbus_firmware) ignored
[0.183s] Level 1:colcon.colcon_core.package_identification:_identify(install) by extensions ['ignore', 'ignore_ament_install']
[0.183s] Level 1:colcon.colcon_core.package_identification:_identify(install) by extension 'ignore'
[0.183s] Level 1:colcon.colcon_core.package_identification:_identify(install) ignored
[0.183s] Level 1:colcon.colcon_core.package_identification:_identify(log) by extensions ['ignore', 'ignore_ament_install']
[0.183s] Level 1:colcon.colcon_core.package_identification:_identify(log) by extension 'ignore'
[0.183s] Level 1:colcon.colcon_core.package_identification:_identify(log) ignored
[0.183s] Level 1:colcon.colcon_core.package_identification:_identify(src) by extensions ['ignore', 'ignore_ament_install']
[0.183s] Level 1:colcon.colcon_core.package_identification:_identify(src) by extension 'ignore'
[0.183s] Level 1:colcon.colcon_core.package_identification:_identify(src) by extension 'ignore_ament_install'
[0.183s] Level 1:colcon.colcon_core.package_identification:_identify(src) by extensions ['colcon_pkg']
[0.183s] Level 1:colcon.colcon_core.package_identification:_identify(src) by extension 'colcon_pkg'
[0.183s] Level 1:colcon.colcon_core.package_identification:_identify(src) by extensions ['colcon_meta']
[0.183s] Level 1:colcon.colcon_core.package_identification:_identify(src) by extension 'colcon_meta'
[0.183s] Level 1:colcon.colcon_core.package_identification:_identify(src) by extensions ['ros']
[0.183s] Level 1:colcon.colcon_core.package_identification:_identify(src) by extension 'ros'
[0.183s] Level 1:colcon.colcon_core.package_identification:_identify(src) by extensions ['cmake', 'python']
[0.184s] Level 1:colcon.colcon_core.package_identification:_identify(src) by extension 'cmake'
[0.184s] Level 1:colcon.colcon_core.package_identification:_identify(src) by extension 'python'
[0.184s] Level 1:colcon.colcon_core.package_identification:_identify(src) by extensions ['python_setup_py']
[0.184s] Level 1:colcon.colcon_core.package_identification:_identify(src) by extension 'python_setup_py'
[0.184s] Level 1:colcon.colcon_core.package_identification:_identify(src/columbus_serial_bridge) by extensions ['ignore', 'ignore_ament_install']
[0.184s] Level 1:colcon.colcon_core.package_identification:_identify(src/columbus_serial_bridge) by extension 'ignore'
[0.184s] Level 1:colcon.colcon_core.package_identification:_identify(src/columbus_serial_bridge) by extension 'ignore_ament_install'
[0.184s] Level 1:colcon.colcon_core.package_identification:_identify(src/columbus_serial_bridge) by extensions ['colcon_pkg']
[0.184s] Level 1:colcon.colcon_core.package_identification:_identify(src/columbus_serial_bridge) by extension 'colcon_pkg'
[0.184s] Level 1:colcon.colcon_core.package_identification:_identify(src/columbus_serial_bridge) by extensions ['colcon_meta']
[0.184s] Level 1:colcon.colcon_core.package_identification:_identify(src/columbus_serial_bridge) by extension 'colcon_meta'
[0.184s] Level 1:colcon.colcon_core.package_identification:_identify(src/columbus_serial_bridge) by extensions ['ros']
[0.184s] Level 1:colcon.colcon_core.package_identification:_identify(src/columbus_serial_bridge) by extension 'ros'
[0.186s] DEBUG:colcon.colcon_core.package_identification:Package 'src/columbus_serial_bridge' with type 'ros.ament_python' and name 'columbus_serial_bridge'
[0.186s] Level 1:colcon.colcon_core.package_identification:_identify(src/columbus_teleop) by extensions ['ignore', 'ignore_ament_install']
[0.186s] Level 1:colcon.colcon_core.package_identification:_identify(src/columbus_teleop) by extension 'ignore'
[0.186s] Level 1:colcon.colcon_core.package_identification:_identify(src/columbus_teleop) by extension 'ignore_ament_install'
[0.186s] Level 1:colcon.colcon_core.package_identification:_identify(src/columbus_teleop) by extensions ['colcon_pkg']
[0.186s] Level 1:colcon.colcon_core.package_identification:_identify(src/columbus_teleop) by extension 'colcon_pkg'
[0.186s] Level 1:colcon.colcon_core.package_identification:_identify(src/columbus_teleop) by extensions ['colcon_meta']
[0.186s] Level 1:colcon.colcon_core.package_identification:_identify(src/columbus_teleop) by extension 'colcon_meta'
[0.186s] Level 1:colcon.colcon_core.package_identification:_identify(src/columbus_teleop) by extensions ['ros']
[0.186s] Level 1:colcon.colcon_core.package_identification:_identify(src/columbus_teleop) by extension 'ros'
[0.187s] DEBUG:colcon.colcon_core.package_identification:Package 'src/columbus_teleop' with type 'ros.ament_python' and name 'columbus_teleop'
[0.187s] Level 1:colcon.colcon_core.package_identification:_identify(src/columbusmaximus) by extensions ['ignore', 'ignore_ament_install']
[0.187s] Level 1:colcon.colcon_core.package_identification:_identify(src/columbusmaximus) by extension 'ignore'
[0.187s] Level 1:colcon.colcon_core.package_identification:_identify(src/columbusmaximus) by extension 'ignore_ament_install'
[0.187s] Level 1:colcon.colcon_core.package_identification:_identify(src/columbusmaximus) by extensions ['colcon_pkg']
[0.187s] Level 1:colcon.colcon_core.package_identification:_identify(src/columbusmaximus) by extension 'colcon_pkg'
[0.187s] Level 1:colcon.colcon_core.package_identification:_identify(src/columbusmaximus) by extensions ['colcon_meta']
[0.187s] Level 1:colcon.colcon_core.package_identification:_identify(src/columbusmaximus) by extension 'colcon_meta'
[0.187s] Level 1:colcon.colcon_core.package_identification:_identify(src/columbusmaximus) by extensions ['ros']
[0.187s] Level 1:colcon.colcon_core.package_identification:_identify(src/columbusmaximus) by extension 'ros'
[0.188s] DEBUG:colcon.colcon_core.package_identification:Package 'src/columbusmaximus' with type 'ros.ament_python' and name 'columbusmaximus'
[0.188s] Level 1:colcon.colcon_core.package_identification:_identify(src/lidar_driver) by extensions ['ignore', 'ignore_ament_install']
[0.188s] Level 1:colcon.colcon_core.package_identification:_identify(src/lidar_driver) by extension 'ignore'
[0.188s] Level 1:colcon.colcon_core.package_identification:_identify(src/lidar_driver) by extension 'ignore_ament_install'
[0.188s] Level 1:colcon.colcon_core.package_identification:_identify(src/lidar_driver) by extensions ['colcon_pkg']
[0.188s] Level 1:colcon.colcon_core.package_identification:_identify(src/lidar_driver) by extension 'colcon_pkg'
[0.188s] Level 1:colcon.colcon_core.package_identification:_identify(src/lidar_driver) by extensions ['colcon_meta']
[0.188s] Level 1:colcon.colcon_core.package_identification:_identify(src/lidar_driver) by extension 'colcon_meta'
[0.188s] Level 1:colcon.colcon_core.package_identification:_identify(src/lidar_driver) by extensions ['ros']
[0.188s] Level 1:colcon.colcon_core.package_identification:_identify(src/lidar_driver) by extension 'ros'
[0.188s] Level 1:colcon.colcon_core.package_identification:_identify(src/lidar_driver) by extensions ['cmake', 'python']
[0.188s] Level 1:colcon.colcon_core.package_identification:_identify(src/lidar_driver) by extension 'cmake'
[0.188s] Level 1:colcon.colcon_core.package_identification:_identify(src/lidar_driver) by extension 'python'
[0.188s] Level 1:colcon.colcon_core.package_identification:_identify(src/lidar_driver) by extensions ['python_setup_py']
[0.188s] Level 1:colcon.colcon_core.package_identification:_identify(src/lidar_driver) by extension 'python_setup_py'
[0.188s] Level 1:colcon.colcon_core.package_identification:_identify(src/lidar_driver/ld08_driver) by extensions ['ignore', 'ignore_ament_install']
[0.188s] Level 1:colcon.colcon_core.package_identification:_identify(src/lidar_driver/ld08_driver) by extension 'ignore'
[0.188s] Level 1:colcon.colcon_core.package_identification:_identify(src/lidar_driver/ld08_driver) by extension 'ignore_ament_install'
[0.188s] Level 1:colcon.colcon_core.package_identification:_identify(src/lidar_driver/ld08_driver) by extensions ['colcon_pkg']
[0.188s] Level 1:colcon.colcon_core.package_identification:_identify(src/lidar_driver/ld08_driver) by extension 'colcon_pkg'
[0.189s] Level 1:colcon.colcon_core.package_identification:_identify(src/lidar_driver/ld08_driver) by extensions ['colcon_meta']
[0.189s] Level 1:colcon.colcon_core.package_identification:_identify(src/lidar_driver/ld08_driver) by extension 'colcon_meta'
[0.189s] Level 1:colcon.colcon_core.package_identification:_identify(src/lidar_driver/ld08_driver) by extensions ['ros']
[0.189s] Level 1:colcon.colcon_core.package_identification:_identify(src/lidar_driver/ld08_driver) by extension 'ros'
[0.189s] DEBUG:colcon.colcon_core.package_identification:Package 'src/lidar_driver/ld08_driver' with type 'ros.ament_cmake' and name 'ld08_driver'
[0.189s] Level 1:colcon.colcon_core.package_discovery:discover_packages(recursive) using defaults
[0.189s] Level 1:colcon.colcon_core.package_discovery:discover_packages(ignore) discover
[0.189s] Level 1:colcon.colcon_core.package_discovery:discover_packages(ignore) using defaults
[0.189s] Level 1:colcon.colcon_core.package_discovery:discover_packages(path) discover
[0.189s] Level 1:colcon.colcon_core.package_discovery:discover_packages(path) using defaults
[0.220s] INFO:colcon.colcon_core.package_selection:Skipping not selected package 'columbus_serial_bridge' in 'src/columbus_serial_bridge'
[0.220s] INFO:colcon.colcon_core.package_selection:Skipping not selected package 'columbus_teleop' in 'src/columbus_teleop'
[0.220s] INFO:colcon.colcon_core.package_selection:Skipping not selected package 'columbusmaximus' in 'src/columbusmaximus'
[0.220s] Level 1:colcon.colcon_core.package_discovery:discover_packages(prefix_path) check parameters
[0.221s] Level 1:colcon.colcon_core.package_discovery:discover_packages(prefix_path) discover
[0.222s] DEBUG:colcon.colcon_installed_package_information.package_discovery:Found 4 installed packages in /home/durva/ros2_ws/src/Columbus-Maximus/install
[0.222s] DEBUG:colcon.colcon_installed_package_information.package_discovery:Found 4 installed packages in /home/durva/ros2_ws/install
[0.223s] DEBUG:colcon.colcon_installed_package_information.package_discovery:Found 282 installed packages in /opt/ros/humble
[0.224s] Level 1:colcon.colcon_core.package_discovery:discover_packages(prefix_path) using defaults
[0.249s] Level 5:colcon.colcon_core.verb:set package 'ld08_driver' build argument 'cmake_args' from command line to 'None'
[0.249s] Level 5:colcon.colcon_core.verb:set package 'ld08_driver' build argument 'cmake_target' from command line to 'None'
[0.249s] Level 5:colcon.colcon_core.verb:set package 'ld08_driver' build argument 'cmake_target_skip_unavailable' from command line to 'False'
[0.249s] Level 5:colcon.colcon_core.verb:set package 'ld08_driver' build argument 'cmake_clean_cache' from command line to 'False'
[0.249s] Level 5:colcon.colcon_core.verb:set package 'ld08_driver' build argument 'cmake_clean_first' from command line to 'False'
[0.249s] Level 5:colcon.colcon_core.verb:set package 'ld08_driver' build argument 'cmake_force_configure' from command line to 'False'
[0.249s] Level 5:colcon.colcon_core.verb:set package 'ld08_driver' build argument 'ament_cmake_args' from command line to 'None'
[0.249s] Level 5:colcon.colcon_core.verb:set package 'ld08_driver' build argument 'catkin_cmake_args' from command line to 'None'
[0.249s] Level 5:colcon.colcon_core.verb:set package 'ld08_driver' build argument 'catkin_skip_building_tests' from command line to 'False'
[0.249s] DEBUG:colcon.colcon_core.verb:Building package 'ld08_driver' with the following arguments: {'ament_cmake_args': None, 'build_base': '/home/durva/ros2_ws/src/Columbus-Maximus/build/ld08_driver', 'catkin_cmake_args': None, 'catkin_skip_building_tests': False, 'cmake_args': None, 'cmake_clean_cache': False, 'cmake_clean_first': False, 'cmake_force_configure': False, 'cmake_target': None, 'cmake_target_skip_unavailable': False, 'install_base': '/home/durva/ros2_ws/src/Columbus-Maximus/install/ld08_driver', 'merge_install': False, 'path': '/home/durva/ros2_ws/src/Columbus-Maximus/src/lidar_driver/ld08_driver', 'symlink_install': True, 'test_result_base': None}
[0.249s] INFO:colcon.colcon_core.executor:Executing jobs using 'parallel' executor
[0.250s] DEBUG:colcon.colcon_parallel_executor.executor.parallel:run_until_complete
[0.250s] INFO:colcon.colcon_ros.task.ament_cmake.build:Building ROS package in '/home/durva/ros2_ws/src/Columbus-Maximus/src/lidar_driver/ld08_driver' with build type 'ament_cmake'
[0.251s] INFO:colcon.colcon_cmake.task.cmake.build:Building CMake package in '/home/durva/ros2_ws/src/Columbus-Maximus/src/lidar_driver/ld08_driver'
[0.252s] INFO:colcon.colcon_core.plugin_system:Skipping extension 'colcon_core.shell.bat': Not used on non-Windows systems
[0.252s] INFO:colcon.colcon_core.shell:Skip shell extension 'powershell' for command environment: Not usable outside of PowerShell
[0.252s] DEBUG:colcon.colcon_core.shell:Skip shell extension 'dsv' for command environment
[0.258s] DEBUG:colcon.colcon_core.event_handler.log_command:Invoking command in '/home/durva/ros2_ws/src/Columbus-Maximus/build/ld08_driver': CMAKE_PREFIX_PATH=${CMAKE_PREFIX_PATH}:/home/durva/ros2_ws/src/Columbus-Maximus/install/columbusmaximus:/home/durva/ros2_ws/src/Columbus-Maximus/install/columbus_teleop:/home/durva/ros2_ws/src/Columbus-Maximus/install/columbus_serial_bridge:/home/durva/ros2_ws/install/uwb_tracker:/home/durva/ros2_ws/install/columbus_teleop:/home/durva/ros2_ws/install/columbus_serial_bridge:/home/durva/ros2_ws/install/columbus_bringup:/opt/ros/humble /usr/bin/cmake --build /home/durva/ros2_ws/src/Columbus-Maximus/build/ld08_driver -- -j8 -l8
[2.509s] DEBUG:colcon.colcon_core.event_handler.log_command:Invoked command in '/home/durva/ros2_ws/src/Columbus-Maximus/build/ld08_driver' returned '0': CMAKE_PREFIX_PATH=${CMAKE_PREFIX_PATH}:/home/durva/ros2_ws/src/Columbus-Maximus/install/columbusmaximus:/home/durva/ros2_ws/src/Columbus-Maximus/install/columbus_teleop:/home/durva/ros2_ws/src/Columbus-Maximus/install/columbus_serial_bridge:/home/durva/ros2_ws/install/uwb_tracker:/home/durva/ros2_ws/install/columbus_teleop:/home/durva/ros2_ws/install/columbus_serial_bridge:/home/durva/ros2_ws/install/columbus_bringup:/opt/ros/humble /usr/bin/cmake --build /home/durva/ros2_ws/src/Columbus-Maximus/build/ld08_driver -- -j8 -l8
[2.516s] DEBUG:colcon.colcon_core.event_handler.log_command:Invoking command in '/home/durva/ros2_ws/src/Columbus-Maximus/build/ld08_driver': CMAKE_PREFIX_PATH=${CMAKE_PREFIX_PATH}:/home/durva/ros2_ws/src/Columbus-Maximus/install/columbusmaximus:/home/durva/ros2_ws/src/Columbus-Maximus/install/columbus_teleop:/home/durva/ros2_ws/src/Columbus-Maximus/install/columbus_serial_bridge:/home/durva/ros2_ws/install/uwb_tracker:/home/durva/ros2_ws/install/columbus_teleop:/home/durva/ros2_ws/install/columbus_serial_bridge:/home/durva/ros2_ws/install/columbus_bringup:/opt/ros/humble /usr/bin/cmake --install /home/durva/ros2_ws/src/Columbus-Maximus/build/ld08_driver
[2.530s] Level 1:colcon.colcon_core.environment:create_environment_scripts_only(ld08_driver)
[2.530s] DEBUG:colcon.colcon_core.event_handler.log_command:Invoked command in '/home/durva/ros2_ws/src/Columbus-Maximus/build/ld08_driver' returned '0': CMAKE_PREFIX_PATH=${CMAKE_PREFIX_PATH}:/home/durva/ros2_ws/src/Columbus-Maximus/install/columbusmaximus:/home/durva/ros2_ws/src/Columbus-Maximus/install/columbus_teleop:/home/durva/ros2_ws/src/Columbus-Maximus/install/columbus_serial_bridge:/home/durva/ros2_ws/install/uwb_tracker:/home/durva/ros2_ws/install/columbus_teleop:/home/durva/ros2_ws/install/columbus_serial_bridge:/home/durva/ros2_ws/install/columbus_bringup:/opt/ros/humble /usr/bin/cmake --install /home/durva/ros2_ws/src/Columbus-Maximus/build/ld08_driver
[2.532s] Level 1:colcon.colcon_core.environment:checking '/home/durva/ros2_ws/src/Columbus-Maximus/install/ld08_driver' for CMake module files
[2.532s] Level 1:colcon.colcon_core.environment:checking '/home/durva/ros2_ws/src/Columbus-Maximus/install/ld08_driver' for CMake config files
[2.532s] Level 1:colcon.colcon_core.shell:create_environment_hook('ld08_driver', 'cmake_prefix_path')
[2.532s] INFO:colcon.colcon_core.shell:Creating environment hook '/home/durva/ros2_ws/src/Columbus-Maximus/install/ld08_driver/share/ld08_driver/hook/cmake_prefix_path.ps1'
[2.533s] INFO:colcon.colcon_core.shell:Creating environment descriptor '/home/durva/ros2_ws/src/Columbus-Maximus/install/ld08_driver/share/ld08_driver/hook/cmake_prefix_path.dsv'
[2.533s] INFO:colcon.colcon_core.shell:Creating environment hook '/home/durva/ros2_ws/src/Columbus-Maximus/install/ld08_driver/share/ld08_driver/hook/cmake_prefix_path.sh'
[2.534s] Level 1:colcon.colcon_core.environment:checking '/home/durva/ros2_ws/src/Columbus-Maximus/install/ld08_driver/lib'
[2.534s] Level 1:colcon.colcon_core.environment:checking '/home/durva/ros2_ws/src/Columbus-Maximus/install/ld08_driver/bin'
[2.534s] Level 1:colcon.colcon_core.environment:checking '/home/durva/ros2_ws/src/Columbus-Maximus/install/ld08_driver/lib/pkgconfig/ld08_driver.pc'
[2.534s] Level 1:colcon.colcon_core.environment:checking '/home/durva/ros2_ws/src/Columbus-Maximus/install/ld08_driver/lib/python3.10/site-packages'
[2.534s] Level 1:colcon.colcon_core.environment:checking '/home/durva/ros2_ws/src/Columbus-Maximus/install/ld08_driver/bin'
[2.535s] INFO:colcon.colcon_core.shell:Creating package script '/home/durva/ros2_ws/src/Columbus-Maximus/install/ld08_driver/share/ld08_driver/package.ps1'
[2.535s] INFO:colcon.colcon_core.shell:Creating package descriptor '/home/durva/ros2_ws/src/Columbus-Maximus/install/ld08_driver/share/ld08_driver/package.dsv'
[2.536s] INFO:colcon.colcon_core.shell:Creating package script '/home/durva/ros2_ws/src/Columbus-Maximus/install/ld08_driver/share/ld08_driver/package.sh'
[2.536s] INFO:colcon.colcon_core.shell:Creating package script '/home/durva/ros2_ws/src/Columbus-Maximus/install/ld08_driver/share/ld08_driver/package.bash'
[2.537s] INFO:colcon.colcon_core.shell:Creating package script '/home/durva/ros2_ws/src/Columbus-Maximus/install/ld08_driver/share/ld08_driver/package.zsh'
[2.537s] Level 1:colcon.colcon_core.environment:create_file_with_runtime_dependencies(/home/durva/ros2_ws/src/Columbus-Maximus/install/ld08_driver/share/colcon-core/packages/ld08_driver)
[2.537s] Level 1:colcon.colcon_core.environment:create_environment_scripts_only(ld08_driver)
[2.537s] Level 1:colcon.colcon_core.environment:checking '/home/durva/ros2_ws/src/Columbus-Maximus/install/ld08_driver' for CMake module files
[2.538s] Level 1:colcon.colcon_core.environment:checking '/home/durva/ros2_ws/src/Columbus-Maximus/install/ld08_driver' for CMake config files
[2.538s] Level 1:colcon.colcon_core.shell:create_environment_hook('ld08_driver', 'cmake_prefix_path')
[2.538s] INFO:colcon.colcon_core.shell:Creating environment hook '/home/durva/ros2_ws/src/Columbus-Maximus/install/ld08_driver/share/ld08_driver/hook/cmake_prefix_path.ps1'
[2.538s] INFO:colcon.colcon_core.shell:Creating environment descriptor '/home/durva/ros2_ws/src/Columbus-Maximus/install/ld08_driver/share/ld08_driver/hook/cmake_prefix_path.dsv'
[2.538s] INFO:colcon.colcon_core.shell:Creating environment hook '/home/durva/ros2_ws/src/Columbus-Maximus/install/ld08_driver/share/ld08_driver/hook/cmake_prefix_path.sh'
[2.539s] Level 1:colcon.colcon_core.environment:checking '/home/durva/ros2_ws/src/Columbus-Maximus/install/ld08_driver/lib'
[2.539s] Level 1:colcon.colcon_core.environment:checking '/home/durva/ros2_ws/src/Columbus-Maximus/install/ld08_driver/bin'
[2.539s] Level 1:colcon.colcon_core.environment:checking '/home/durva/ros2_ws/src/Columbus-Maximus/install/ld08_driver/lib/pkgconfig/ld08_driver.pc'
[2.539s] Level 1:colcon.colcon_core.environment:checking '/home/durva/ros2_ws/src/Columbus-Maximus/install/ld08_driver/lib/python3.10/site-packages'
[2.539s] Level 1:colcon.colcon_core.environment:checking '/home/durva/ros2_ws/src/Columbus-Maximus/install/ld08_driver/bin'
[2.539s] INFO:colcon.colcon_core.shell:Creating package script '/home/durva/ros2_ws/src/Columbus-Maximus/install/ld08_driver/share/ld08_driver/package.ps1'
[2.540s] INFO:colcon.colcon_core.shell:Creating package descriptor '/home/durva/ros2_ws/src/Columbus-Maximus/install/ld08_driver/share/ld08_driver/package.dsv'
[2.540s] INFO:colcon.colcon_core.shell:Creating package script '/home/durva/ros2_ws/src/Columbus-Maximus/install/ld08_driver/share/ld08_driver/package.sh'
[2.540s] INFO:colcon.colcon_core.shell:Creating package script '/home/durva/ros2_ws/src/Columbus-Maximus/install/ld08_driver/share/ld08_driver/package.bash'
[2.541s] INFO:colcon.colcon_core.shell:Creating package script '/home/durva/ros2_ws/src/Columbus-Maximus/install/ld08_driver/share/ld08_driver/package.zsh'
[2.541s] Level 1:colcon.colcon_core.environment:create_file_with_runtime_dependencies(/home/durva/ros2_ws/src/Columbus-Maximus/install/ld08_driver/share/colcon-core/packages/ld08_driver)
[2.541s] DEBUG:colcon.colcon_parallel_executor.executor.parallel:closing loop
[2.541s] DEBUG:colcon.colcon_parallel_executor.executor.parallel:loop closed
[2.541s] DEBUG:colcon.colcon_parallel_executor.executor.parallel:run_until_complete finished with '0'
[2.541s] DEBUG:colcon.colcon_core.event_reactor:joining thread
[2.545s] INFO:colcon.colcon_core.plugin_system:Skipping extension 'colcon_notification.desktop_notification.terminal_notifier': Not used on non-Darwin systems
[2.545s] INFO:colcon.colcon_core.plugin_system:Skipping extension 'colcon_notification.desktop_notification.win32': Not used on non-Windows systems
[2.545s] INFO:colcon.colcon_notification.desktop_notification:Sending desktop notification using 'notify2'
[2.553s] DEBUG:colcon.colcon_core.event_reactor:joined thread
[2.553s] INFO:colcon.colcon_core.shell:Creating prefix script '/home/durva/ros2_ws/src/Columbus-Maximus/install/local_setup.ps1'
[2.555s] INFO:colcon.colcon_core.shell:Creating prefix util module '/home/durva/ros2_ws/src/Columbus-Maximus/install/_local_setup_util_ps1.py'
[2.556s] INFO:colcon.colcon_core.shell:Creating prefix chain script '/home/durva/ros2_ws/src/Columbus-Maximus/install/setup.ps1'
[2.558s] INFO:colcon.colcon_core.shell:Creating prefix script '/home/durva/ros2_ws/src/Columbus-Maximus/install/local_setup.sh'
[2.558s] INFO:colcon.colcon_core.shell:Creating prefix util module '/home/durva/ros2_ws/src/Columbus-Maximus/install/_local_setup_util_sh.py'
[2.559s] INFO:colcon.colcon_core.shell:Creating prefix chain script '/home/durva/ros2_ws/src/Columbus-Maximus/install/setup.sh'
[2.560s] INFO:colcon.colcon_core.shell:Creating prefix script '/home/durva/ros2_ws/src/Columbus-Maximus/install/local_setup.bash'
[2.560s] INFO:colcon.colcon_core.shell:Creating prefix chain script '/home/durva/ros2_ws/src/Columbus-Maximus/install/setup.bash'
[2.561s] INFO:colcon.colcon_core.shell:Creating prefix script '/home/durva/ros2_ws/src/Columbus-Maximus/install/local_setup.zsh'
[2.561s] INFO:colcon.colcon_core.shell:Creating prefix chain script '/home/durva/ros2_ws/src/Columbus-Maximus/install/setup.zsh'
