[0.497s] Invoking command in '/home/durva/ros2_ws/src/Columbus-Maximus/build/ld08_driver': CMAKE_PREFIX_PATH=/home/durva/ros2_ws/install/uwb_tracker:/home/durva/ros2_ws/install/columbus_teleop:/home/durva/ros2_ws/install/columbus_serial_bridge:/home/durva/ros2_ws/install/columbus_bringup:/opt/ros/humble /usr/bin/cmake --build /home/durva/ros2_ws/src/Columbus-Maximus/build/ld08_driver -- -j8 -l8
[0.554s] [35m[1mConsolidate compiler generated dependencies of target ld08_driver[0m
[0.584s] [100%] Built target ld08_driver
[0.593s] Invoked command in '/home/durva/ros2_ws/src/Columbus-Maximus/build/ld08_driver' returned '0': CMAKE_PREFIX_PATH=/home/durva/ros2_ws/install/uwb_tracker:/home/durva/ros2_ws/install/columbus_teleop:/home/durva/ros2_ws/install/columbus_serial_bridge:/home/durva/ros2_ws/install/columbus_bringup:/opt/ros/humble /usr/bin/cmake --build /home/durva/ros2_ws/src/Columbus-Maximus/build/ld08_driver -- -j8 -l8
[0.600s] Invoking command in '/home/durva/ros2_ws/src/Columbus-Maximus/build/ld08_driver': CMAKE_PREFIX_PATH=/home/durva/ros2_ws/install/uwb_tracker:/home/durva/ros2_ws/install/columbus_teleop:/home/durva/ros2_ws/install/columbus_serial_bridge:/home/durva/ros2_ws/install/columbus_bringup:/opt/ros/humble /usr/bin/cmake --install /home/durva/ros2_ws/src/Columbus-Maximus/build/ld08_driver
[0.605s] -- Install configuration: ""
[0.605s] -- Execute custom install script
[0.605s] -- Up-to-date symlink: /home/durva/ros2_ws/src/Columbus-Maximus/install/ld08_driver/share/ld08_driver/launch/ld08.launch.py
[0.606s] -- Up-to-date symlink: /home/durva/ros2_ws/src/Columbus-Maximus/install/ld08_driver/lib/ld08_driver/ld08_driver
[0.606s] -- Up-to-date symlink: /home/durva/ros2_ws/src/Columbus-Maximus/install/ld08_driver/share/ament_index/resource_index/package_run_dependencies/ld08_driver
[0.606s] -- Up-to-date symlink: /home/durva/ros2_ws/src/Columbus-Maximus/install/ld08_driver/share/ament_index/resource_index/parent_prefix_path/ld08_driver
[0.606s] -- Up-to-date symlink: /home/durva/ros2_ws/src/Columbus-Maximus/install/ld08_driver/share/ld08_driver/environment/ament_prefix_path.sh
[0.606s] -- Up-to-date symlink: /home/durva/ros2_ws/src/Columbus-Maximus/install/ld08_driver/share/ld08_driver/environment/ament_prefix_path.dsv
[0.606s] -- Up-to-date symlink: /home/durva/ros2_ws/src/Columbus-Maximus/install/ld08_driver/share/ld08_driver/environment/path.sh
[0.606s] -- Up-to-date symlink: /home/durva/ros2_ws/src/Columbus-Maximus/install/ld08_driver/share/ld08_driver/environment/path.dsv
[0.606s] -- Up-to-date symlink: /home/durva/ros2_ws/src/Columbus-Maximus/install/ld08_driver/share/ld08_driver/local_setup.bash
[0.607s] -- Up-to-date symlink: /home/durva/ros2_ws/src/Columbus-Maximus/install/ld08_driver/share/ld08_driver/local_setup.sh
[0.607s] -- Up-to-date symlink: /home/durva/ros2_ws/src/Columbus-Maximus/install/ld08_driver/share/ld08_driver/local_setup.zsh
[0.607s] -- Up-to-date symlink: /home/durva/ros2_ws/src/Columbus-Maximus/install/ld08_driver/share/ld08_driver/local_setup.dsv
[0.607s] -- Symlinking: /home/durva/ros2_ws/src/Columbus-Maximus/install/ld08_driver/share/ld08_driver/package.dsv
[0.614s] -- Up-to-date symlink: /home/durva/ros2_ws/src/Columbus-Maximus/install/ld08_driver/share/ament_index/resource_index/packages/ld08_driver
[0.614s] -- Up-to-date symlink: /home/durva/ros2_ws/src/Columbus-Maximus/install/ld08_driver/share/ld08_driver/cmake/ament_cmake_export_dependencies-extras.cmake
[0.614s] -- Up-to-date symlink: /home/durva/ros2_ws/src/Columbus-Maximus/install/ld08_driver/share/ld08_driver/cmake/ament_cmake_export_include_directories-extras.cmake
[0.614s] -- Up-to-date symlink: /home/durva/ros2_ws/src/Columbus-Maximus/install/ld08_driver/share/ld08_driver/cmake/ld08_driverConfig.cmake
[0.614s] -- Up-to-date symlink: /home/durva/ros2_ws/src/Columbus-Maximus/install/ld08_driver/share/ld08_driver/cmake/ld08_driverConfig-version.cmake
[0.615s] -- Up-to-date symlink: /home/durva/ros2_ws/src/Columbus-Maximus/install/ld08_driver/share/ld08_driver/package.xml
[0.616s] Invoked command in '/home/durva/ros2_ws/src/Columbus-Maximus/build/ld08_driver' returned '0': CMAKE_PREFIX_PATH=/home/durva/ros2_ws/install/uwb_tracker:/home/durva/ros2_ws/install/columbus_teleop:/home/durva/ros2_ws/install/columbus_serial_bridge:/home/durva/ros2_ws/install/columbus_bringup:/opt/ros/humble /usr/bin/cmake --install /home/durva/ros2_ws/src/Columbus-Maximus/build/ld08_driver
