running egg_info
creating ../build/columbus_bringup/columbus_bringup.egg-info
writing ../build/columbus_bringup/columbus_bringup.egg-info/PKG-INFO
writing dependency_links to ../build/columbus_bringup/columbus_bringup.egg-info/dependency_links.txt
writing entry points to ../build/columbus_bringup/columbus_bringup.egg-info/entry_points.txt
writing requirements to ../build/columbus_bringup/columbus_bringup.egg-info/requires.txt
writing top-level names to ../build/columbus_bringup/columbus_bringup.egg-info/top_level.txt
writing manifest file '../build/columbus_bringup/columbus_bringup.egg-info/SOURCES.txt'
reading manifest file '../build/columbus_bringup/columbus_bringup.egg-info/SOURCES.txt'
writing manifest file '../build/columbus_bringup/columbus_bringup.egg-info/SOURCES.txt'
running build
running build_py
creating /home/durva/ros2_ws/src/Columbus-Maximus/build/columbus_bringup/build
creating /home/durva/ros2_ws/src/Columbus-Maximus/build/columbus_bringup/build/lib
creating /home/durva/ros2_ws/src/Columbus-Maximus/build/columbus_bringup/build/lib/columbus_bringup
copying columbus_bringup/__init__.py -> /home/durva/ros2_ws/src/Columbus-Maximus/build/columbus_bringup/build/lib/columbus_bringup
running install
running install_lib
creating /home/durva/ros2_ws/src/Columbus-Maximus/install/columbus_bringup/lib/python3.10/site-packages/columbus_bringup
copying /home/durva/ros2_ws/src/Columbus-Maximus/build/columbus_bringup/build/lib/columbus_bringup/__init__.py -> /home/durva/ros2_ws/src/Columbus-Maximus/install/columbus_bringup/lib/python3.10/site-packages/columbus_bringup
byte-compiling /home/durva/ros2_ws/src/Columbus-Maximus/install/columbus_bringup/lib/python3.10/site-packages/columbus_bringup/__init__.py to __init__.cpython-310.pyc
running install_data
creating /home/durva/ros2_ws/src/Columbus-Maximus/install/columbus_bringup/share/ament_index
creating /home/durva/ros2_ws/src/Columbus-Maximus/install/columbus_bringup/share/ament_index/resource_index
creating /home/durva/ros2_ws/src/Columbus-Maximus/install/columbus_bringup/share/ament_index/resource_index/packages
copying resource/columbus_bringup -> /home/durva/ros2_ws/src/Columbus-Maximus/install/columbus_bringup/share/ament_index/resource_index/packages
copying package.xml -> /home/durva/ros2_ws/src/Columbus-Maximus/install/columbus_bringup/share/columbus_bringup
creating /home/durva/ros2_ws/src/Columbus-Maximus/install/columbus_bringup/share/columbus_bringup/launch
copying launch/columbus_bringup_uwb_teleop.launch.py -> /home/durva/ros2_ws/src/Columbus-Maximus/install/columbus_bringup/share/columbus_bringup/launch
creating /home/durva/ros2_ws/src/Columbus-Maximus/install/columbus_bringup/share/columbus_bringup/config
copying config/ekf.yaml -> /home/durva/ros2_ws/src/Columbus-Maximus/install/columbus_bringup/share/columbus_bringup/config
running install_egg_info
Copying ../build/columbus_bringup/columbus_bringup.egg-info to /home/durva/ros2_ws/src/Columbus-Maximus/install/columbus_bringup/lib/python3.10/site-packages/columbus_bringup-0.0.0-py3.10.egg-info
running install_scripts
writing list of installed files to '/home/durva/ros2_ws/src/Columbus-Maximus/build/columbus_bringup/install.log'
