/home/durva/ros2_ws/src/Columbus-Maximus/install/columbusmaximus/lib/python3.10/site-packages/columbusmaximus/__init__.py
/home/durva/ros2_ws/src/Columbus-Maximus/install/columbusmaximus/lib/python3.10/site-packages/columbusmaximus/__pycache__/__init__.cpython-310.pyc
/home/durva/ros2_ws/src/Columbus-Maximus/install/columbusmaximus/share/ament_index/resource_index/packages/columbusmaximus
/home/durva/ros2_ws/src/Columbus-Maximus/install/columbusmaximus/share/columbusmaximus/package.xml
/home/durva/ros2_ws/src/Columbus-Maximus/install/columbusmaximus/share/columbusmaximus/model.config
/home/durva/ros2_ws/src/Columbus-Maximus/install/columbusmaximus/share/columbusmaximus/model.sdf
/home/durva/ros2_ws/src/Columbus-Maximus/install/columbusmaximus/share/columbusmaximus/description/robot.urdf.xacro
/home/durva/ros2_ws/src/Columbus-Maximus/install/columbusmaximus/share/columbusmaximus/description/lidar.xacro
/home/durva/ros2_ws/src/Columbus-Maximus/install/columbusmaximus/share/columbusmaximus/description/robot_core.xacro
/home/durva/ros2_ws/src/Columbus-Maximus/install/columbusmaximus/share/columbusmaximus/description/gazebo_control.xacro
/home/durva/ros2_ws/src/Columbus-Maximus/install/columbusmaximus/share/columbusmaximus/meshes/Assembly_1.stl
/home/durva/ros2_ws/src/Columbus-Maximus/install/columbusmaximus/share/columbusmaximus/launch/slam.launch.py
/home/durva/ros2_ws/src/Columbus-Maximus/install/columbusmaximus/share/columbusmaximus/launch/rsp.launch.py
/home/durva/ros2_ws/src/Columbus-Maximus/install/columbusmaximus/share/columbusmaximus/launch/launch_sim.launch.py
/home/durva/ros2_ws/src/Columbus-Maximus/install/columbusmaximus/share/columbusmaximus/launch/bringup.launch.py
/home/durva/ros2_ws/src/Columbus-Maximus/install/columbusmaximus/share/columbusmaximus/rviz/slam.rviz
/home/durva/ros2_ws/src/Columbus-Maximus/install/columbusmaximus/share/columbusmaximus/rviz/urdf_config.rviz
/home/durva/ros2_ws/src/Columbus-Maximus/install/columbusmaximus/share/columbusmaximus/rviz/lidar_scan.rviz
/home/durva/ros2_ws/src/Columbus-Maximus/install/columbusmaximus/share/columbusmaximus/rviz/urdf_config_wsl.rviz
/home/durva/ros2_ws/src/Columbus-Maximus/install/columbusmaximus/share/columbusmaximus/config/mapper_params_online_async.yaml
/home/durva/ros2_ws/src/Columbus-Maximus/install/columbusmaximus/share/columbusmaximus/maps
/home/durva/ros2_ws/src/Columbus-Maximus/install/columbusmaximus/lib/python3.10/site-packages/columbusmaximus-0.0.0-py3.10.egg-info/requires.txt
/home/durva/ros2_ws/src/Columbus-Maximus/install/columbusmaximus/lib/python3.10/site-packages/columbusmaximus-0.0.0-py3.10.egg-info/entry_points.txt
/home/durva/ros2_ws/src/Columbus-Maximus/install/columbusmaximus/lib/python3.10/site-packages/columbusmaximus-0.0.0-py3.10.egg-info/zip-safe
/home/durva/ros2_ws/src/Columbus-Maximus/install/columbusmaximus/lib/python3.10/site-packages/columbusmaximus-0.0.0-py3.10.egg-info/PKG-INFO
/home/durva/ros2_ws/src/Columbus-Maximus/install/columbusmaximus/lib/python3.10/site-packages/columbusmaximus-0.0.0-py3.10.egg-info/SOURCES.txt
/home/durva/ros2_ws/src/Columbus-Maximus/install/columbusmaximus/lib/python3.10/site-packages/columbusmaximus-0.0.0-py3.10.egg-info/dependency_links.txt
/home/durva/ros2_ws/src/Columbus-Maximus/install/columbusmaximus/lib/python3.10/site-packages/columbusmaximus-0.0.0-py3.10.egg-info/top_level.txt
