[0.009s] Invoking command in '/home/durva/ros2_ws/src/Columbus-Maximus/build/ld08_driver': CMAKE_PREFIX_PATH=/home/durva/ros2_ws/install/uwb_tracker:/home/durva/ros2_ws/install/columbus_teleop:/home/durva/ros2_ws/install/columbus_serial_bridge:/home/durva/ros2_ws/install/columbus_bringup:/opt/ros/humble /usr/bin/cmake /home/durva/ros2_ws/src/Columbus-Maximus/src/lidar_driver/ld08_driver -DCMAKE_INSTALL_PREFIX=/home/durva/ros2_ws/src/Columbus-Maximus/install/ld08_driver
[0.038s] -- Found ament_cmake: 1.3.14 (/opt/ros/humble/share/ament_cmake/cmake)
[0.135s] -- Override CMake install command with custom implementation using symlinks instead of copying resources
[0.155s] -- Found rclcpp: 16.0.19 (/opt/ros/humble/share/rclcpp/cmake)
[0.187s] -- Found rosidl_generator_c: 3.1.9 (/opt/ros/humble/share/rosidl_generator_c/cmake)
[0.190s] -- Found rosidl_adapter: 3.1.9 (/opt/ros/humble/share/rosidl_adapter/cmake)
[0.198s] -- Found rosidl_generator_cpp: 3.1.9 (/opt/ros/humble/share/rosidl_generator_cpp/cmake)
[0.210s] -- Using all available rosidl_typesupport_c: rosidl_typesupport_fastrtps_c;rosidl_typesupport_introspection_c
[0.223s] -- Using all available rosidl_typesupport_cpp: rosidl_typesupport_fastrtps_cpp;rosidl_typesupport_introspection_cpp
[0.259s] -- Found rmw_implementation_cmake: 6.1.2 (/opt/ros/humble/share/rmw_implementation_cmake/cmake)
[0.261s] -- Found rmw_fastrtps_cpp: 6.2.10 (/opt/ros/humble/share/rmw_fastrtps_cpp/cmake)
[0.337s] -- Using RMW implementation 'rmw_fastrtps_cpp' as default
[0.387s] -- Found sensor_msgs: 4.9.1 (/opt/ros/humble/share/sensor_msgs/cmake)
[0.466s] -- Configuring done
[0.477s] -- Generating done
[0.479s] -- Build files have been written to: /home/durva/ros2_ws/src/Columbus-Maximus/build/ld08_driver
[0.485s] Invoked command in '/home/durva/ros2_ws/src/Columbus-Maximus/build/ld08_driver' returned '0': CMAKE_PREFIX_PATH=/home/durva/ros2_ws/install/uwb_tracker:/home/durva/ros2_ws/install/columbus_teleop:/home/durva/ros2_ws/install/columbus_serial_bridge:/home/durva/ros2_ws/install/columbus_bringup:/opt/ros/humble /usr/bin/cmake /home/durva/ros2_ws/src/Columbus-Maximus/src/lidar_driver/ld08_driver -DCMAKE_INSTALL_PREFIX=/home/durva/ros2_ws/src/Columbus-Maximus/install/ld08_driver
[0.486s] Invoking command in '/home/durva/ros2_ws/src/Columbus-Maximus/build/ld08_driver': CMAKE_PREFIX_PATH=/home/durva/ros2_ws/install/uwb_tracker:/home/durva/ros2_ws/install/columbus_teleop:/home/durva/ros2_ws/install/columbus_serial_bridge:/home/durva/ros2_ws/install/columbus_bringup:/opt/ros/humble /usr/bin/cmake --build /home/durva/ros2_ws/src/Columbus-Maximus/build/ld08_driver -- -j8 -l8
[0.515s] [35m[1mConsolidate compiler generated dependencies of target ld08_driver[0m
[0.547s] [ 16%] [32mBuilding CXX object CMakeFiles/ld08_driver.dir/src/lipkg.cpp.o[0m
[2.599s] [ 33%] [32m[1mLinking CXX executable ld08_driver[0m
[2.792s] [100%] Built target ld08_driver
[2.799s] Invoked command in '/home/durva/ros2_ws/src/Columbus-Maximus/build/ld08_driver' returned '0': CMAKE_PREFIX_PATH=/home/durva/ros2_ws/install/uwb_tracker:/home/durva/ros2_ws/install/columbus_teleop:/home/durva/ros2_ws/install/columbus_serial_bridge:/home/durva/ros2_ws/install/columbus_bringup:/opt/ros/humble /usr/bin/cmake --build /home/durva/ros2_ws/src/Columbus-Maximus/build/ld08_driver -- -j8 -l8
[2.806s] Invoking command in '/home/durva/ros2_ws/src/Columbus-Maximus/build/ld08_driver': CMAKE_PREFIX_PATH=/home/durva/ros2_ws/install/uwb_tracker:/home/durva/ros2_ws/install/columbus_teleop:/home/durva/ros2_ws/install/columbus_serial_bridge:/home/durva/ros2_ws/install/columbus_bringup:/opt/ros/humble /usr/bin/cmake --install /home/durva/ros2_ws/src/Columbus-Maximus/build/ld08_driver
[2.810s] -- Install configuration: ""
[2.811s] -- Execute custom install script
[2.812s] -- Up-to-date symlink: /home/durva/ros2_ws/src/Columbus-Maximus/install/ld08_driver/share/ld08_driver/launch/ld08.launch.py
[2.812s] -- Up-to-date symlink: /home/durva/ros2_ws/src/Columbus-Maximus/install/ld08_driver/lib/ld08_driver/ld08_driver
[2.813s] -- Up-to-date symlink: /home/durva/ros2_ws/src/Columbus-Maximus/install/ld08_driver/share/ament_index/resource_index/package_run_dependencies/ld08_driver
[2.813s] -- Up-to-date symlink: /home/durva/ros2_ws/src/Columbus-Maximus/install/ld08_driver/share/ament_index/resource_index/parent_prefix_path/ld08_driver
[2.813s] -- Up-to-date symlink: /home/durva/ros2_ws/src/Columbus-Maximus/install/ld08_driver/share/ld08_driver/environment/ament_prefix_path.sh
[2.813s] -- Up-to-date symlink: /home/durva/ros2_ws/src/Columbus-Maximus/install/ld08_driver/share/ld08_driver/environment/ament_prefix_path.dsv
[2.814s] -- Up-to-date symlink: /home/durva/ros2_ws/src/Columbus-Maximus/install/ld08_driver/share/ld08_driver/environment/path.sh
[2.814s] -- Up-to-date symlink: /home/durva/ros2_ws/src/Columbus-Maximus/install/ld08_driver/share/ld08_driver/environment/path.dsv
[2.814s] -- Up-to-date symlink: /home/durva/ros2_ws/src/Columbus-Maximus/install/ld08_driver/share/ld08_driver/local_setup.bash
[2.814s] -- Up-to-date symlink: /home/durva/ros2_ws/src/Columbus-Maximus/install/ld08_driver/share/ld08_driver/local_setup.sh
[2.814s] -- Up-to-date symlink: /home/durva/ros2_ws/src/Columbus-Maximus/install/ld08_driver/share/ld08_driver/local_setup.zsh
[2.814s] -- Up-to-date symlink: /home/durva/ros2_ws/src/Columbus-Maximus/install/ld08_driver/share/ld08_driver/local_setup.dsv
[2.814s] -- Symlinking: /home/durva/ros2_ws/src/Columbus-Maximus/install/ld08_driver/share/ld08_driver/package.dsv
[2.820s] -- Up-to-date symlink: /home/durva/ros2_ws/src/Columbus-Maximus/install/ld08_driver/share/ament_index/resource_index/packages/ld08_driver
[2.821s] -- Up-to-date symlink: /home/durva/ros2_ws/src/Columbus-Maximus/install/ld08_driver/share/ld08_driver/cmake/ament_cmake_export_dependencies-extras.cmake
[2.821s] -- Up-to-date symlink: /home/durva/ros2_ws/src/Columbus-Maximus/install/ld08_driver/share/ld08_driver/cmake/ament_cmake_export_include_directories-extras.cmake
[2.821s] -- Up-to-date symlink: /home/durva/ros2_ws/src/Columbus-Maximus/install/ld08_driver/share/ld08_driver/cmake/ld08_driverConfig.cmake
[2.821s] -- Up-to-date symlink: /home/durva/ros2_ws/src/Columbus-Maximus/install/ld08_driver/share/ld08_driver/cmake/ld08_driverConfig-version.cmake
[2.821s] -- Up-to-date symlink: /home/durva/ros2_ws/src/Columbus-Maximus/install/ld08_driver/share/ld08_driver/package.xml
[2.823s] Invoked command in '/home/durva/ros2_ws/src/Columbus-Maximus/build/ld08_driver' returned '0': CMAKE_PREFIX_PATH=/home/durva/ros2_ws/install/uwb_tracker:/home/durva/ros2_ws/install/columbus_teleop:/home/durva/ros2_ws/install/columbus_serial_bridge:/home/durva/ros2_ws/install/columbus_bringup:/opt/ros/humble /usr/bin/cmake --install /home/durva/ros2_ws/src/Columbus-Maximus/build/ld08_driver
