[0.479s] Invoking command in '/home/durva/ros2_ws/src/Columbus-Maximus/build/ld08_driver': CMAKE_PREFIX_PATH=/home/durva/ros2_ws/install/uwb_tracker:/home/durva/ros2_ws/install/columbus_teleop:/home/durva/ros2_ws/install/columbus_serial_bridge:/home/durva/ros2_ws/install/columbus_bringup:/opt/ros/humble /usr/bin/cmake /home/durva/ros2_ws/src/Columbus-Maximus/src/lidar_driver/ld08_driver -DAMENT_CMAKE_SYMLINK_INSTALL=1 -DCMAKE_INSTALL_PREFIX=/home/durva/ros2_ws/src/Columbus-Maximus/install/ld08_driver
[0.490s] -- Found ament_cmake: 1.3.14 (/opt/ros/humble/share/ament_cmake/cmake)
[0.586s] -- Override CMake install command with custom implementation using symlinks instead of copying resources
[0.590s] -- Found rclcpp: 16.0.19 (/opt/ros/humble/share/rclcpp/cmake)
[0.607s] -- Found rosidl_generator_c: 3.1.9 (/opt/ros/humble/share/rosidl_generator_c/cmake)
[0.609s] -- Found rosidl_adapter: 3.1.9 (/opt/ros/humble/share/rosidl_adapter/cmake)
[0.612s] -- Found rosidl_generator_cpp: 3.1.9 (/opt/ros/humble/share/rosidl_generator_cpp/cmake)
[0.619s] -- Using all available rosidl_typesupport_c: rosidl_typesupport_fastrtps_c;rosidl_typesupport_introspection_c
[0.628s] -- Using all available rosidl_typesupport_cpp: rosidl_typesupport_fastrtps_cpp;rosidl_typesupport_introspection_cpp
[0.649s] -- Found rmw_implementation_cmake: 6.1.2 (/opt/ros/humble/share/rmw_implementation_cmake/cmake)
[0.650s] -- Found rmw_fastrtps_cpp: 6.2.10 (/opt/ros/humble/share/rmw_fastrtps_cpp/cmake)
[0.721s] -- Using RMW implementation 'rmw_fastrtps_cpp' as default
[0.757s] -- Found sensor_msgs: 4.9.1 (/opt/ros/humble/share/sensor_msgs/cmake)
[0.802s] Traceback (most recent call last):
[0.802s]   File "/opt/ros/humble/share/ament_cmake_core/cmake/core/package_xml_2_cmake.py", line 22, in <module>
[0.802s]     from catkin_pkg.package import parse_package_string
[0.802s] ModuleNotFoundError: No module named 'catkin_pkg'
[0.805s] [31mCMake Error at /opt/ros/humble/share/ament_cmake_core/cmake/core/ament_package_xml.cmake:95 (message):
[0.805s]   
[0.806s]   execute_process(/home/durva/.espressif/python_env/idf5.3_py3.10_env/bin/python3
[0.806s]   /opt/ros/humble/share/ament_cmake_core/cmake/core/package_xml_2_cmake.py
[0.806s]   /home/durva/ros2_ws/src/Columbus-Maximus/src/lidar_driver/ld08_driver/package.xml
[0.806s]   /home/durva/ros2_ws/src/Columbus-Maximus/build/ld08_driver/ament_cmake_core/package.cmake)
[0.806s]   returned error code 1
[0.806s] Call Stack (most recent call first):
[0.807s]   /opt/ros/humble/share/ament_cmake_core/cmake/core/ament_package_xml.cmake:49 (_ament_package_xml)
[0.807s]   /opt/ros/humble/share/ament_cmake_core/cmake/core/ament_package.cmake:63 (ament_package_xml)
[0.807s]   CMakeLists.txt:75 (ament_package)
[0.807s] 
[0.807s] [0m
[0.807s] -- Configuring incomplete, errors occurred!
[0.807s] See also "/home/durva/ros2_ws/src/Columbus-Maximus/build/ld08_driver/CMakeFiles/CMakeOutput.log".
[0.813s] Invoked command in '/home/durva/ros2_ws/src/Columbus-Maximus/build/ld08_driver' returned '1': CMAKE_PREFIX_PATH=/home/durva/ros2_ws/install/uwb_tracker:/home/durva/ros2_ws/install/columbus_teleop:/home/durva/ros2_ws/install/columbus_serial_bridge:/home/durva/ros2_ws/install/columbus_bringup:/opt/ros/humble /usr/bin/cmake /home/durva/ros2_ws/src/Columbus-Maximus/src/lidar_driver/ld08_driver -DAMENT_CMAKE_SYMLINK_INSTALL=1 -DCMAKE_INSTALL_PREFIX=/home/durva/ros2_ws/src/Columbus-Maximus/install/ld08_driver
